[21:06:03] [main/INFO]: Loading Minecraft 1.21.11 with Fabric Loader 0.18.3
[21:06:04] [main/INFO]: Dependencies overridden for minecraft, sodium-extra, fabricloader, reeses-sodium-options
[21:06:04] [main/WARN]: Warnings were found!
 - 'Minecraft' (minecraft) 1.21.11 recommends any version after 12.0.0-alpha.7 of Fabulously Optimized, which is missing!
	 - You should install any version after 12.0.0-alpha.7 of Fabulously Optimized for the optimal experience.
[21:06:04] [main/INFO]: Loading 180 mods:
	- animatica 0.6.1+1.21.5
	- bettergrass 1.8.3+fabric.1.21.11
	- bettermounthud 1.2.6
	- c2me 0.3.6+rc.1.0+1.21.11
	   |-- c2me-base 0.3.6+rc.1.0+1.21.11
	   |-- c2me-client-uncapvd 0.3.6+rc.1.0+1.21.11
	   |-- c2me-fixes-chunkio-threading-issues 0.3.6+rc.1.0+1.21.11
	   |-- c2me-fixes-general-threading-issues 0.3.6+rc.1.0+1.21.11
	   |-- c2me-fixes-worldgen-threading-issues 0.3.6+rc.1.0+1.21.11
	   |-- c2me-fixes-worldgen-vanilla-bugs 0.3.6+rc.1.0+1.21.11
	   |-- c2me-notickvd 0.3.6+rc.1.0+1.21.11
	   |-- c2me-opts-allocs 0.3.6+rc.1.0+1.21.11
	   |-- c2me-opts-chunkio 0.3.6+rc.1.0+1.21.11
	   |-- c2me-opts-dfc 0.3.6+rc.1.0+1.21.11
	   |-- c2me-opts-math 0.3.6+rc.1.0+1.21.11
	   |-- c2me-opts-scheduling 0.3.6+rc.1.0+1.21.11
	   |-- c2me-opts-worldgen-general 0.3.6+rc.1.0+1.21.11
	   |-- c2me-opts-worldgen-vanilla 0.3.6+rc.1.0+1.21.11
	   |-- c2me-rewrites-chunk-serializer 0.3.6+rc.1.0+1.21.11
	   |-- c2me-rewrites-chunk-system 0.3.6+rc.1.0+1.21.11
	   |-- c2me-rewrites-chunkio 0.3.6+rc.1.0+1.21.11
	   |-- c2me-server-utils 0.3.6+rc.1.0+1.21.11
	   |-- c2me-threading-lighting 0.3.6+rc.1.0+1.21.11
	   |-- com_ibm_async_asyncutil 0.1.0
	   |-- io_reactivex_rxjava3_rxjava 3.1.12
	   |-- net_objecthunter_exp4j 0.4.8
	   |-- org_jctools_jctools-core 4.0.5
	   \-- org_reactivestreams_reactive-streams 1.0.4
	- cameraoverhaul 2.0.6-fabric+mc.1.21.11-plus
	   \-- io_hotmoka_toml4j 0.7.3
	- capes 1.5.10+1.21.11
	- chunky 1.4.55
	- cloth-config 21.11.153
	   \-- cloth-basic-math 0.6.1
	- continuity 3.0.1-beta.1+1.21.11
	- crash_assistant 1.10.28
	- cristellib 3.0.4
	   \-- blue_endless_jankson 1.2.3
	- dynamic_fps 3.11.0
	   \-- net_lostluma_battery 1.3.0
	- e4mc_minecraft 5.5.2
	   \-- folk_sisby_kaleido-config 0.3.3+1.3.2
	- entity_model_features 3.0.8
	- entity_texture_features 7.0.7
	   \-- org_apache_httpcomponents_httpmime 4.5.10
	- entityculling 1.9.4
	   |-- transition 1.0.11
	   \-- trender 1.0.10
	- fabric-api 0.140.2+1.21.11
	   |-- fabric-api-base 1.0.5+4ebb5c083e
	   |-- fabric-api-lookup-api-v1 1.6.113+1fb1cde93e
	   |-- fabric-biome-api-v1 17.1.1+4fc5413f3e
	   |-- fabric-block-api-v1 1.1.10+4ebb5c083e
	   |-- fabric-block-view-api-v2 1.0.39+4ebb5c083e
	   |-- fabric-command-api-v2 2.4.7+6b42a6003e
	   |-- fabric-content-registries-v0 10.2.14+4fc5413f3e
	   |-- fabric-convention-tags-v1 2.1.55+7f945d5b3e
	   |-- fabric-convention-tags-v2 2.17.3+8ef948ba3e
	   |-- fabric-crash-report-info-v1 0.3.23+4ebb5c083e
	   |-- fabric-data-attachment-api-v1 1.8.44+1fb1cde93e
	   |-- fabric-data-generation-api-v1 23.4.0+69974c4e3e
	   |-- fabric-dimensions-v1 4.0.28+4fc5413f3e
	   |-- fabric-entity-events-v1 3.0.5+4ebb5c083e
	   |-- fabric-events-interaction-v0 4.0.44+1fb1cde93e
	   |-- fabric-game-rule-api-v1 2.0.3+4fc5413f3e
	   |-- fabric-item-api-v1 11.5.20+d0c46b9e3e
	   |-- fabric-item-group-api-v1 4.2.36+4fc5413f3e
	   |-- fabric-key-binding-api-v1 1.1.7+4fc5413f3e
	   |-- fabric-lifecycle-events-v1 2.6.15+4ebb5c083e
	   |-- fabric-loot-api-v2 3.0.73+3f89f5a53e
	   |-- fabric-loot-api-v3 2.0.20+78c8b4663e
	   |-- fabric-message-api-v1 6.1.12+4ebb5c083e
	   |-- fabric-model-loading-api-v1 6.0.13+4fc5413f3e
	   |-- fabric-networking-api-v1 5.1.5+ae1e07683e
	   |-- fabric-object-builder-api-v1 21.1.39+4fc5413f3e
	   |-- fabric-particles-v1 4.2.11+4fc5413f3e
	   |-- fabric-recipe-api-v1 8.2.3+4ebb5c083e
	   |-- fabric-registry-sync-v0 6.2.5+1718722b3e
	   |-- fabric-renderer-api-v1 8.0.1+f4ffd2e53e
	   |-- fabric-renderer-indigo 5.0.1+f4ffd2e53e
	   |-- fabric-rendering-fluids-v1 3.1.43+4ebb5c083e
	   |-- fabric-rendering-v1 16.2.8+f4ffd2e53e
	   |-- fabric-resource-conditions-api-v1 5.0.35+4fc5413f3e
	   |-- fabric-resource-loader-v0 3.3.4+4fc5413f3e
	   |-- fabric-resource-loader-v1 1.0.10+78c8b4663e
	   |-- fabric-screen-api-v1 3.1.7+4ebb5c083e
	   |-- fabric-screen-handler-api-v1 1.3.161+4fc5413f3e
	   |-- fabric-serialization-api-v1 1.0.5+4ebb5c083e
	   |-- fabric-sound-api-v1 1.0.51+4fc5413f3e
	   |-- fabric-tag-api-v1 1.2.20+4fc5413f3e
	   |-- fabric-transfer-api-v1 6.0.24+4fc5413f3e
	   \-- fabric-transitive-access-wideners-v1 7.1.0+014c8cec3e
	- fabric-language-kotlin 1.13.8+kotlin.2.3.0
	   |-- org_jetbrains_kotlin_kotlin-reflect 2.3.0
	   |-- org_jetbrains_kotlin_kotlin-stdlib 2.3.0
	   |-- org_jetbrains_kotlin_kotlin-stdlib-jdk7 2.3.0
	   |-- org_jetbrains_kotlin_kotlin-stdlib-jdk8 2.3.0
	   |-- org_jetbrains_kotlinx_atomicfu-jvm 0.29.0
	   |-- org_jetbrains_kotlinx_kotlinx-coroutines-core-jvm 1.10.2
	   |-- org_jetbrains_kotlinx_kotlinx-coroutines-jdk8 1.10.2
	   |-- org_jetbrains_kotlinx_kotlinx-datetime-jvm 0.7.1
	   |-- org_jetbrains_kotlinx_kotlinx-io-bytestring-jvm 0.8.2
	   |-- org_jetbrains_kotlinx_kotlinx-io-core-jvm 0.8.2
	   |-- org_jetbrains_kotlinx_kotlinx-serialization-cbor-jvm 1.9.0
	   |-- org_jetbrains_kotlinx_kotlinx-serialization-core-jvm 1.9.0
	   \-- org_jetbrains_kotlinx_kotlinx-serialization-json-jvm 1.9.0
	- fabricloader 0.18.3
	   \-- mixinextras 0.5.0
	- fabrishot 1.16.3
	- ferritecore 8.0.3
	- firstperson 2.6.1
	   |-- transition 1.0.11
	   \-- trender 1.0.10
	- forgeconfigapiport 21.11.1
	   |-- com_electronwill_night-config_core 3.8.3
	   \-- com_electronwill_night-config_toml 3.8.3
	- immediatelyfast 1.14.1+1.21.11
	   \-- net_lenni0451_reflect 1.6.1+curseforge
	- iris 1.10.4+mc1.21.11
	   |-- io_github_douira_glsl-transformer 3.0.0-pre3
	   |-- org_anarres_jcpp 1.4.14
	   \-- org_antlr_antlr4-runtime 4.13.1
	- isxander-main-menu-credits 1.2.0
	- java 21
	- lambdynlights 4.9.1+1.21.11
	   \-- lambdynlights_runtime 4.9.1+1.21.11
	        |-- lambdynlights_api 4.9.1+1.21.11
	        |    |-- yumi_commons_collections 1.0.0
	        |    |-- yumi_commons_core 1.0.0
	        |    \-- yumi_commons_event 1.0.0
	        |-- pride 1.5.1+1.21.11
	        |-- spruceui 9.1.0+1.21.11
	        \-- yumi_mc_core 1.0.0-beta.1+1.21.11
	             |-- yumi_commons_collections 1.0.0
	             |-- yumi_commons_core 1.0.0
	             \-- yumi_commons_event 1.0.0
	- lithium 0.21.2+mc1.21.11
	- minecraft 1.21.11
	- mixintrace 1.1.1+1.17
	- modmenu 17.0.0-beta.1
	   \-- placeholder-api 2.8.1+1.21.10
	- morechathistory 1.3.1
	- moreculling 1.6.0-beta.2
	   |-- conditional-mixin 0.6.3
	   \-- mixinsquared 0.2.0
	- nochatreports 1.21.11-v2.18.0
	- notenoughanimations 1.11.1
	   |-- transition 1.0.11
	   \-- trender 1.0.10
	- optigui 2.3.0-beta.9+1.21.9
	   |-- org_apache_commons_commons-text 1.12.0
	   \-- org_ini4j_ini4j 0.5.4
	- paginatedadvancements 2.8.0+1.21.11
	- puzzle 2.2.1
	   \-- midnightlib 1.9.2
	- reeses-sodium-options 2.0.2+mc1.21.11
	- rrls 5.1.13+mc.1.21.11
	- skyboxify 2.2
	   |-- com_moulberry_mixinconstraints 1.1.0
	   |-- lightconfig 1.0-alpha.7
	   \-- mixinsquared 0.2.0
	- sodium 0.8.2+mc1.21.11
	- sspb 6.0.0
	- voxy 0.2.8-alpha
	   |-- org_apache_commons_commons-pool2 2.12.0
	   |-- org_lwjgl_lwjgl-lmdb 3.3.3
	   |-- org_lwjgl_lwjgl-lmdb_natives-linux 3.3.3
	   |-- org_lwjgl_lwjgl-lmdb_natives-windows 3.3.3
	   |-- org_lwjgl_lwjgl-zstd 3.3.3
	   |-- org_lwjgl_lwjgl-zstd_natives-linux 3.3.3
	   |-- org_lwjgl_lwjgl-zstd_natives-windows 3.3.3
	   |-- org_lz4_lz4-java 1.8.0
	   |-- org_rocksdb_rocksdbjni 10.2.1
	   |-- org_tukaani_xz 1.10
	   \-- redis_clients_jedis 5.1.0
	- wwoo 2.6.1
	- yet_another_config_lib_v3 3.8.1+1.21.11-fabric
	   |-- com_twelvemonkeys_common_common-image 3.12.0
	   |-- com_twelvemonkeys_common_common-io 3.12.0
	   |-- com_twelvemonkeys_common_common-lang 3.12.0
	   |-- com_twelvemonkeys_imageio_imageio-core 3.12.0
	   |-- com_twelvemonkeys_imageio_imageio-metadata 3.12.0
	   |-- com_twelvemonkeys_imageio_imageio-webp 3.12.0
	   |-- org_quiltmc_parsers_gson 0.2.1
	   \-- org_quiltmc_parsers_json 0.2.1
	- yosbr 0.1.2
	- zoomify 2.14.6+1.21.11
	   \-- com_akuleshov7_ktoml-core-jvm 0.5.2
[21:06:13] [main/INFO]: Launching CrashAssistantApp (CrashAssistant-fabric-1.21.5-1.21.11-1.10.28.jar)
[21:06:14] [main/INFO]: Applying default options... (YOSBR)
[21:06:14] [main/INFO]: SpongePowered MIXIN Subsystem Version=0.8.7 Source=file:/C:/Users/Shelfwood/AppData/Roaming/PrismLauncher/libraries/net/fabricmc/sponge-mixin/0.16.5+mixin.0.8.7/sponge-mixin-0.16.5+mixin.0.8.7.jar Service=Knot/Fabric Env=CLIENT
[21:06:14] [main/INFO]: Compatibility level set to JAVA_16
[21:06:14] [main/INFO]: Compatibility level set to JAVA_21
[21:06:14] [main/INFO]: Initializing com.ishland.c2me.base.mixin
[21:06:14] [main/INFO]: Global Executor Parallelism: 5 configured, 5 evaluated, 5 default evaluated
[21:06:14] [main/INFO]: Initializing com.ishland.c2me.client.uncapvd.mixin
[21:06:14] [main/INFO]: Initializing com.ishland.c2me.fixes.chunkio.threading_issues.mixin
[21:06:14] [main/INFO]: Initializing com.ishland.c2me.fixes.general.threading_issues.mixin
[21:06:14] [main/INFO]: Initializing com.ishland.c2me.fixes.worldgen.threading_issues.mixin
[21:06:14] [main/INFO]: Initializing com.ishland.c2me.fixes.worldgen.vanilla_bugs.mixin
[21:06:14] [main/INFO]: Initializing com.ishland.c2me.notickvd.mixin
[21:06:15] [main/INFO]: Initializing com.ishland.c2me.opts.allocs.mixin
[21:06:15] [main/INFO]: Initializing com.ishland.c2me.opts.chunkio.mixin
[21:06:15] [main/INFO]: Initializing com.ishland.c2me.opts.dfc.mixin
[21:06:15] [main/INFO]: Initializing com.ishland.c2me.opts.math.mixin
[21:06:15] [main/INFO]: Initializing com.ishland.c2me.opts.scheduling.mixin
[21:06:15] [main/INFO]: Initializing com.ishland.c2me.opts.worldgen.general.mixin
[21:06:15] [main/INFO]: Initializing com.ishland.c2me.opts.worldgen.vanilla.mixin
[21:06:15] [main/INFO]: Initializing com.ishland.c2me.rewrites.chunk_serializer.mixin
[21:06:15] [main/INFO]: Disabling com.ishland.c2me.rewrites.chunk_serializer.mixin
[21:06:15] [main/INFO]: Initializing com.ishland.c2me.rewrites.chunksystem.mixin
[21:06:15] [main/INFO]: Initializing com.ishland.c2me.rewrites.chunkio.mixin
[21:06:15] [main/INFO]: Initializing com.ishland.c2me.server.utils.mixin
[21:06:15] [main/INFO]: Initializing com.ishland.c2me.threading.lighting.mixin
[21:06:15] [main/WARN]: Reference map 'iris.refmap.json' for mixins.iris.json could not be read. If this is a development environment you can ignore this message
[21:06:15] [main/WARN]: Reference map 'iris-fabric.refmap.json' for mixins.iris.fabric.json could not be read. If this is a development environment you can ignore this message
[21:06:15] [main/WARN]: Reference map 'iris.refmap.json' for mixins.iris.fantastic.json could not be read. If this is a development environment you can ignore this message
[21:06:15] [main/WARN]: Reference map 'iris.refmap.json' for mixins.iris.vertexformat.json could not be read. If this is a development environment you can ignore this message
[21:06:15] [main/WARN]: Reference map 'iris.refmap.json' for mixins.iris.bettermipmaps.json could not be read. If this is a development environment you can ignore this message
[21:06:15] [main/WARN]: Reference map 'iris.refmap.json' for mixins.iris.compat.sodium.json could not be read. If this is a development environment you can ignore this message
[21:06:15] [main/WARN]: Reference map 'iris.refmap.json' for mixins.iris.fixes.maxfpscrash.json could not be read. If this is a development environment you can ignore this message
[21:06:15] [main/INFO]: Loaded configuration file for Lithium: 164 options available, 0 override(s) found.
[21:06:15] [main/WARN]: Reference map 'moreculling.refmap.json' for moreculling.mixins.json could not be read. If this is a development environment you can ignore this message
[21:06:15] [main/WARN]: Reference map 'moreculling.refmap.json' for moreculling.fabric.mixins.json could not be read. If this is a development environment you can ignore this message
[21:06:15] [main/WARN]: Reference map 'nochatreports.refmap.json' for mixins/common/nochatreports.mixins.json could not be read. If this is a development environment you can ignore this message
[21:06:15] [main/WARN]: Reference map 'reeses-sodium-options.refmap.json' for reeses-sodium-options.mixins.json could not be read. If this is a development environment you can ignore this message
[21:06:15] [main/INFO]: Loaded configuration file for Sodium: 43 options available, 1 override(s) found
[21:06:15] [main/WARN]: Reference map 'sspb.refmap.json' for sspb.mixins.json could not be read. If this is a development environment you can ignore this message
[21:06:15] [main/WARN]: Reference map 'yet_another_config_lib_v3.refmap.json' for yacl.mixins.json could not be read. If this is a development environment you can ignore this message
[21:06:15] [main/WARN]: Reference map 'yet_another_config_lib_v3.refmap.json' for yacl-fabric.mixins.json could not be read. If this is a development environment you can ignore this message
[21:06:15] [main/WARN]: Error loading class: net/vulkanmod/config/option/Options (java.lang.ClassNotFoundException: net/vulkanmod/config/option/Options)
[21:06:15] [main/WARN]: Error loading class: ca/spottedleaf/starlight/common/thread/SchedulingUtil (java.lang.ClassNotFoundException: ca/spottedleaf/starlight/common/thread/SchedulingUtil)
[21:06:15] [main/WARN]: Error loading class: dev/tr7zw/skinlayers/render/CustomizableModelPart (java.lang.ClassNotFoundException: dev/tr7zw/skinlayers/render/CustomizableModelPart)
[21:06:15] [main/WARN]: Error loading class: net/irisshaders/batchedentityrendering/impl/FullyBufferedMultiBufferSource (java.lang.ClassNotFoundException: net/irisshaders/batchedentityrendering/impl/FullyBufferedMultiBufferSource)
[21:06:15] [main/WARN]: Error loading class: net/irisshaders/iris/layer/InnerWrappedRenderType (java.lang.ClassNotFoundException: net/irisshaders/iris/layer/InnerWrappedRenderType)
[21:06:15] [CrashAssistantApp process logger/INFO]: CrashAssistantApp process successfully started.
[21:06:16] [main/WARN]: Force-disabling mixin 'features.render.world.sky.LevelRendererMixin' as rule 'mixin.features.render.world.sky' (added by mods [iris]) disables it and children
[21:06:16] [main/WARN]: Error loading class: com/moulberry/flashback/record/FlashbackMeta (java.lang.ClassNotFoundException: com/moulberry/flashback/record/FlashbackMeta)
[21:06:16] [main/WARN]: @Mixin target com.moulberry.flashback.record.FlashbackMeta was not found client.voxy.mixins.json:flashback.MixinFlashbackMeta from mod voxy
[21:06:16] [main/WARN]: Error loading class: com/moulberry/flashback/record/Recorder (java.lang.ClassNotFoundException: com/moulberry/flashback/record/Recorder)
[21:06:16] [main/WARN]: @Mixin target com.moulberry.flashback.record.Recorder was not found client.voxy.mixins.json:flashback.MixinFlashbackRecorder from mod voxy
[21:06:16] [main/WARN]: Error loading class: me/cortex/nvidium/RenderPipeline (java.lang.ClassNotFoundException: me/cortex/nvidium/RenderPipeline)
[21:06:16] [main/WARN]: @Mixin target me.cortex.nvidium.RenderPipeline was not found client.voxy.mixins.json:nvidium.MixinRenderPipeline from mod voxy
[21:06:16] [main/WARN]: Error loading class: org/jetbrains/annotations/ApiStatus$Internal (java.lang.ClassNotFoundException: org/jetbrains/annotations/ApiStatus$Internal)
[21:06:16] [main/INFO]: Searching for graphics cards...
[21:06:16] [main/INFO]: Found graphics adapter: AdapterInfo{vendor=INTEL, description='Intel(R) Iris(R) Xe Graphics', adapterType=0x00002323, openglIcdFilePath='C:\WINDOWS\System32\DriverStore\FileRepository\iigd_dch.inf_amd64_aaa3915de44b535a\igxelpicd64.dll', openglIcdVersion=31.0.101.3413}
[21:06:16] [main/INFO]: Found graphics adapter: AdapterInfo{vendor=NVIDIA, description='NVIDIA GeForce RTX 3080 Laptop GPU', adapterType=0x0000231B, openglIcdFilePath='C:\WINDOWS\System32\DriverStore\FileRepository\nvmii.inf_amd64_e9fa27eaab64efe4\nvoglv64.dll', openglIcdVersion=32.0.15.9159}
[21:06:16] [main/WARN]: Sodium has applied one or more workarounds to prevent crashes or other issues on your system: [NVIDIA_THREADED_OPTIMIZATIONS_BROKEN]
[21:06:16] [main/WARN]: This is not necessarily an issue, but it may result in certain features or optimizations being disabled. You can sometimes fix these issues by upgrading your graphics driver.
[21:06:16] [main/INFO]: Initializing MixinExtras via com.llamalad7.mixinextras.service.MixinExtrasServiceImpl(version=0.5.0).
[21:06:17] [Datafixer Bootstrap/INFO]: trender.mixins.json:client.ScreenAccessor from mod trender->@Invoker[METHOD_PROXY]::libgui$defaultHandleGameClickEvent(Lnet/minecraft/class_2558;Lnet/minecraft/class_310;Lnet/minecraft/class_437;)V should be static as its target is
[21:06:18] [Datafixer Bootstrap/INFO]: 287 Datafixer optimizations took 808 milliseconds
[21:06:24] [Render thread/INFO]: Environment: Environment[sessionHost=https://sessionserver.mojang.com, servicesHost=https://api.minecraftservices.com, profilesHost=https://api.mojang.com, name=PROD]
[21:06:24] [Render thread/INFO]: Setting user: j_shelfwood
[21:06:25] [Render thread/INFO]: [me.cx.vy.cn.cg.Serialization]: Registered Config as RocksDB for config type StorageConfig
[21:06:25] [Render thread/INFO]: [me.cx.vy.cn.cg.Serialization]: Registered Config as Redis for config type StorageConfig
[21:06:25] [Render thread/INFO]: [me.cx.vy.cn.cg.Serialization]: Registered Config as ReadonlyCachingLayer for config type StorageConfig
[21:06:25] [Render thread/INFO]: [me.cx.vy.cn.cg.Serialization]: Registered Config2 as AutoFragmentationAdaptor for config type StorageConfig
[21:06:25] [Render thread/INFO]: [me.cx.vy.cn.cg.Serialization]: Registered Config as FragmentationAdaptor for config type StorageConfig
[21:06:25] [Render thread/INFO]: [me.cx.vy.cn.cg.Serialization]: Registered ConditionalStorageBackendConfig as ConditionalConfig for config type StorageConfig
[21:06:25] [Render thread/INFO]: [me.cx.vy.cn.cg.Serialization]: Registered Config as CompressionAdaptor for config type StorageConfig
[21:06:25] [Render thread/INFO]: [me.cx.vy.cn.cg.Serialization]: Registered BasicPathInsertionConfig as BasicPathConfig for config type StorageConfig
[21:06:25] [Render thread/INFO]: [me.cx.vy.cn.cg.Serialization]: Registered Config as LMDB for config type StorageConfig
[21:06:25] [Render thread/INFO]: [me.cx.vy.cn.cg.Serialization]: Registered Config as Memory for config type StorageConfig
[21:06:25] [Render thread/INFO]: [me.cx.vy.cn.cg.Serialization]: Registered Config as Serializer for config type SectionStorageConfig
[21:06:25] [Render thread/INFO]: [me.cx.vy.cn.cg.Serialization]: Registered Config as ZSTD for config type CompressorConfig
[21:06:25] [Render thread/INFO]: [me.cx.vy.cn.cg.Serialization]: Registered Config as LZ4 for config type CompressorConfig
[21:06:25] [Render thread/INFO]: [me.cx.vy.cn.cg.Serialization]: Registered 13 config types
[21:06:25] [Render thread/INFO]: [BetterGrassify] Better Grass is disabled! ;(
[21:06:25] [Render thread/INFO]: Trying to read config file...
[21:06:25] [Render thread/INFO]: A config file was found, loading it..
[21:06:25] [Render thread/INFO]: Successfully loaded config file.
[21:06:25] [Render thread/INFO]: [ETF]: Modifying ETF Render State constructor because: for EMF
[21:06:25] [Render thread/INFO]: Loading Entity Model Features, ,serutaeF ledoM ytitnE gnidoaL
[21:06:25] [Render thread/INFO]: [ETF]: 6 new ETF Random Properties registered by entity_model_features
[21:06:25] [Render thread/INFO]: Loading Entity Texture Features, not fit for consumption in the US.
[21:06:25] [Render thread/INFO]: [Indigo] Different rendering plugin detected; not applying Indigo.
[21:06:25] [Render thread/INFO]: Loading FirstPerson Mod
[21:06:26] [Render thread/INFO]: Config successfully loaded!
[21:06:26] [Render thread/INFO]: [SSPB] Broken dirt path lighting is best dirt path lighting lol
[21:06:26] [Render thread/INFO]: [STDOUT]: [LibGui] Initializing Client...
[21:06:26] [Render thread/INFO]: Deserializing YACLConfig from 'C:\Users\Shelfwood\AppData\Roaming\PrismLauncher\instances\voxy\minecraft\config\yacl.json5'
[21:06:26] [Render thread/INFO]: Initializing mods (entrypoint yumi:init)...
[21:06:26] [Render thread/INFO]: [LambDynLights] Initializing LambDynamicLights...
[21:06:26] [Render thread/INFO]: [LambDynLights] Configuration loaded.
[21:06:26] [Render thread/INFO]: Backend library: LWJGL version 3.3.3-snapshot
[21:06:26] [Render thread/INFO]: Modifying process environment to apply workarounds for the NVIDIA graphics driver...
[21:06:27] [Render thread/INFO]: Initializing ImmediatelyFast 1.14.1+1.21.11 on NVIDIA GeForce RTX 3080 Laptop GPU/PCIe/SSE2 (NVIDIA Corporation) with OpenGL 3.3.0 NVIDIA 591.59
[21:06:27] [Render thread/INFO]: Found Iris 1.10.4+mc1.21.11. Enabling compatibility.
[21:06:27] [Render thread/INFO]: Debug functionality is disabled.
[21:06:27] [Render thread/INFO]: ARB_direct_state_access detected, enabling DSA.
[21:06:27] [Render thread/INFO]: Shaders are disabled because enableShaders is set to false in iris.properties
[21:06:27] [Render thread/INFO]: OpenGL Vendor: NVIDIA Corporation
[21:06:27] [Render thread/INFO]: OpenGL Renderer: NVIDIA GeForce RTX 3080 Laptop GPU/PCIe/SSE2
[21:06:27] [Render thread/INFO]: OpenGL Version: 3.3.0 NVIDIA 591.59
[21:06:27] [Render thread/INFO]: Modifying OpenGL context to apply workarounds for the NVIDIA graphics driver...
[21:06:27] [Render thread/INFO]: Enabling GL_DEBUG_OUTPUT_SYNCHRONOUS to force the NVIDIA driver to disable threaded command submission
[21:06:27] [Render thread/WARN]: RivaTuner Statistics Server (RTSS) has injected into the process! Attempting to apply workarounds for compatibility...
[21:06:27] [Render thread/INFO]: Searching directory: C:\Program Files (x86)\RivaTuner Statistics Server
[21:06:27] [Render thread/INFO]: Parsing file: C:\Program Files (x86)\RivaTuner Statistics Server\RTSS.exe
[21:06:27] [Render thread/INFO]: Detected RivaTuner Statistics Server version: 7.3.5.28314
[21:06:27] [Render thread/INFO]: Using optional rendering extensions: GL_ARB_buffer_storage, GL_KHR_debug, GL_ARB_vertex_attrib_binding, GL_ARB_direct_state_access, GL_EXT_texture_filter_anisotropic
[21:06:28] [Render thread/INFO]: Hardware information:
[21:06:28] [Render thread/INFO]: CPU: 20x 12th Gen Intel(R) Core(TM) i7-12700H
[21:06:28] [Render thread/INFO]: GPU: NVIDIA GeForce RTX 3080 Laptop GPU/PCIe/SSE2 (Supports OpenGL 3.3.0 NVIDIA 591.59)
[21:06:28] [Render thread/INFO]: OS: Windows 11 (10.0)
[21:06:28] [Render thread/INFO]: Reloading ResourceManager: vanilla, animatica, bettergrass, bettermounthud, c2me, cameraoverhaul, capes, chunky, cloth-config, conditional-mixin, continuity, cristellib, dynamic_fps, e4mc_minecraft, entity_model_features, entity_texture_features, entityculling, fabric-api, fabric-api-base, fabric-api-lookup-api-v1, fabric-biome-api-v1, fabric-block-api-v1, fabric-block-view-api-v2, fabric-command-api-v2, fabric-content-registries-v0, fabric-convention-tags-v1, fabric-convention-tags-v2, fabric-crash-report-info-v1, fabric-data-attachment-api-v1, fabric-data-generation-api-v1, fabric-dimensions-v1, fabric-entity-events-v1, fabric-events-interaction-v0, fabric-game-rule-api-v1, fabric-item-api-v1, fabric-item-group-api-v1, fabric-key-binding-api-v1, fabric-language-kotlin, fabric-lifecycle-events-v1, fabric-loot-api-v2, fabric-loot-api-v3, fabric-message-api-v1, fabric-model-loading-api-v1, fabric-networking-api-v1, fabric-object-builder-api-v1, fabric-particles-v1, fabric-recipe-api-v1, fabric-registry-sync-v0, fabric-renderer-api-v1, fabric-renderer-indigo, fabric-rendering-fluids-v1, fabric-rendering-v1, fabric-resource-conditions-api-v1, fabric-resource-loader-v0, fabric-resource-loader-v1, fabric-screen-api-v1, fabric-screen-handler-api-v1, fabric-serialization-api-v1, fabric-sound-api-v1, fabric-tag-api-v1, fabric-transfer-api-v1, fabric-transitive-access-wideners-v1, fabricloader, fabrishot, firstperson, forgeconfigapiport, immediatelyfast, iris, lambdynlights, lambdynlights_api, lambdynlights_runtime, lightconfig, lithium, midnightlib, mixintrace, modmenu, morechathistory, moreculling, nochatreports, notenoughanimations, optigui, paginatedadvancements, placeholder-api, pride, puzzle, reeses-sodium-options, rrls, skyboxify, sodium, spruceui, sspb, trender, voxy, yet_another_config_lib_v3, yosbr, zoomify, file/SodiumTranslations.zip, file/Chat Reporting Helper.zip, file/Mod Menu Helper.zip, continuity:glass_pane_culling_fix, continuity:default
[21:06:28] [Worker-Main-7/INFO]: Found unifont_all_no_pua-17.0.01.hex, loading
[21:06:28] [Worker-Main-19/INFO]: Found unifont_pua-17.0.01.hex, loading
[21:06:28] [ForkJoinPool.commonPool-worker-1/INFO]: Looking for OptiFine/MCPatcher Skies...
[21:06:28] [ForkJoinPool.commonPool-worker-1/INFO]: Couldn't find any skies under "optifine", searching for skies under "mcpatcher" instead...
[21:06:28] [ForkJoinPool.commonPool-worker-1/INFO]: Couldn't find any skies under "optifine", searching for skies under "mcpatcher" instead...
[21:06:28] [ForkJoinPool.commonPool-worker-1/INFO]: Couldn't find any skies under "optifine", searching for skies under "mcpatcher" instead...
[21:06:28] [ForkJoinPool.commonPool-worker-1/INFO]: Couldn't find any skies under "optifine", searching for skies under "mcpatcher" instead...
[21:06:28] [ForkJoinPool.commonPool-worker-1/INFO]: Couldn't find any skies under "optifine", searching for skies under "mcpatcher" instead...
[21:06:28] [ForkJoinPool.commonPool-worker-1/INFO]: Couldn't find any skies under "optifine", searching for skies under "mcpatcher" instead...
[21:06:28] [ForkJoinPool.commonPool-worker-1/INFO]: Couldn't find any skies under "optifine", searching for skies under "mcpatcher" instead...
[21:06:28] [ForkJoinPool.commonPool-worker-1/INFO]: Couldn't find any skies under "optifine", searching for skies under "mcpatcher" instead...
[21:06:28] [ForkJoinPool.commonPool-worker-1/INFO]: Couldn't find any skies under "optifine", searching for skies under "mcpatcher" instead...
[21:06:28] [ForkJoinPool.commonPool-worker-1/INFO]: Couldn't find any skies under "optifine", searching for skies under "mcpatcher" instead...
[21:06:28] [ForkJoinPool.commonPool-worker-1/INFO]: Couldn't find any skies under "optifine", searching for skies under "mcpatcher" instead...
[21:06:28] [ForkJoinPool.commonPool-worker-1/INFO]: Couldn't find any skies under "optifine", searching for skies under "mcpatcher" instead...
[21:06:28] [ForkJoinPool.commonPool-worker-1/INFO]: Couldn't find any skies under "optifine", searching for skies under "mcpatcher" instead...
[21:06:28] [ForkJoinPool.commonPool-worker-1/INFO]: Couldn't find any skies under "optifine", searching for skies under "mcpatcher" instead...
[21:06:28] [ForkJoinPool.commonPool-worker-1/INFO]: Couldn't find any skies under "optifine", searching for skies under "mcpatcher" instead...
[21:06:28] [ForkJoinPool.commonPool-worker-1/INFO]: Couldn't find any skies under "optifine", searching for skies under "mcpatcher" instead...
[21:06:28] [ForkJoinPool.commonPool-worker-1/INFO]: Couldn't find any skies under "optifine", searching for skies under "mcpatcher" instead...
[21:06:28] [ForkJoinPool.commonPool-worker-1/INFO]: Couldn't find any skies under "optifine", searching for skies under "mcpatcher" instead...
[21:06:28] [ForkJoinPool.commonPool-worker-1/INFO]: Couldn't find any skies under "optifine", searching for skies under "mcpatcher" instead...
[21:06:28] [ForkJoinPool.commonPool-worker-1/INFO]: Couldn't find any skies under "optifine", searching for skies under "mcpatcher" instead...
[21:06:28] [ForkJoinPool.commonPool-worker-1/INFO]: Couldn't find any skies under "optifine", searching for skies under "mcpatcher" instead...
[21:06:28] [ForkJoinPool.commonPool-worker-1/INFO]: Couldn't find any skies under "optifine", searching for skies under "mcpatcher" instead...
[21:06:28] [ForkJoinPool.commonPool-worker-1/INFO]: Couldn't find any skies under "optifine", searching for skies under "mcpatcher" instead...
[21:06:28] [ForkJoinPool.commonPool-worker-1/INFO]: Couldn't find any skies under "optifine", searching for skies under "mcpatcher" instead...
[21:06:28] [ForkJoinPool.commonPool-worker-1/INFO]: Couldn't find any skies under "optifine", searching for skies under "mcpatcher" instead...
[21:06:28] [ForkJoinPool.commonPool-worker-1/INFO]: Couldn't find any skies under "optifine", searching for skies under "mcpatcher" instead...
[21:06:28] [ForkJoinPool.commonPool-worker-1/INFO]: Couldn't find any skies under "optifine", searching for skies under "mcpatcher" instead...
[21:06:28] [ForkJoinPool.commonPool-worker-1/INFO]: Couldn't find any skies under "optifine", searching for skies under "mcpatcher" instead...
[21:06:28] [ForkJoinPool.commonPool-worker-1/INFO]: Couldn't find any skies under "optifine", searching for skies under "mcpatcher" instead...
[21:06:28] [ForkJoinPool.commonPool-worker-1/INFO]: Couldn't find any skies under "optifine", searching for skies under "mcpatcher" instead...
[21:06:28] [ForkJoinPool.commonPool-worker-1/INFO]: Couldn't find any skies under "optifine", searching for skies under "mcpatcher" instead...
[21:06:28] [ForkJoinPool.commonPool-worker-1/INFO]: Couldn't find any skies under "optifine", searching for skies under "mcpatcher" instead...
[21:06:28] [ForkJoinPool.commonPool-worker-1/INFO]: Couldn't find any skies under "optifine", searching for skies under "mcpatcher" instead...
[21:06:28] [ForkJoinPool.commonPool-worker-1/INFO]: Couldn't find any skies under "optifine", searching for skies under "mcpatcher" instead...
[21:06:28] [ForkJoinPool.commonPool-worker-1/INFO]: Couldn't find any skies under "optifine", searching for skies under "mcpatcher" instead...
[21:06:28] [ForkJoinPool.commonPool-worker-1/INFO]: Couldn't find any skies under "optifine", searching for skies under "mcpatcher" instead...
[21:06:28] [ForkJoinPool.commonPool-worker-1/INFO]: Couldn't find any skies under "optifine", searching for skies under "mcpatcher" instead...
[21:06:28] [ForkJoinPool.commonPool-worker-1/INFO]: Couldn't find any skies under "optifine", searching for skies under "mcpatcher" instead...
[21:06:28] [ForkJoinPool.commonPool-worker-1/INFO]: Couldn't find any skies under "optifine", searching for skies under "mcpatcher" instead...
[21:06:28] [ForkJoinPool.commonPool-worker-1/INFO]: Couldn't find any skies under "optifine", searching for skies under "mcpatcher" instead...
[21:06:28] [ForkJoinPool.commonPool-worker-1/INFO]: Couldn't find any skies under "optifine", searching for skies under "mcpatcher" instead...
[21:06:28] [ForkJoinPool.commonPool-worker-1/INFO]: Couldn't find any skies under "optifine", searching for skies under "mcpatcher" instead...
[21:06:28] [ForkJoinPool.commonPool-worker-1/INFO]: Couldn't find any skies under "optifine", searching for skies under "mcpatcher" instead...
[21:06:28] [ForkJoinPool.commonPool-worker-1/INFO]: Couldn't find any skies under "optifine", searching for skies under "mcpatcher" instead...
[21:06:28] [ForkJoinPool.commonPool-worker-1/INFO]: Couldn't find any skies under "optifine", searching for skies under "mcpatcher" instead...
[21:06:28] [ForkJoinPool.commonPool-worker-1/INFO]: Couldn't find any skies under "optifine", searching for skies under "mcpatcher" instead...
[21:06:28] [ForkJoinPool.commonPool-worker-1/INFO]: Couldn't find any skies under "optifine", searching for skies under "mcpatcher" instead...
[21:06:28] [ForkJoinPool.commonPool-worker-1/INFO]: Couldn't find any skies under "optifine", searching for skies under "mcpatcher" instead...
[21:06:28] [ForkJoinPool.commonPool-worker-1/INFO]: Couldn't find any skies under "optifine", searching for skies under "mcpatcher" instead...
[21:06:28] [ForkJoinPool.commonPool-worker-1/INFO]: Couldn't find any skies under "optifine", searching for skies under "mcpatcher" instead...
[21:06:28] [ForkJoinPool.commonPool-worker-1/INFO]: Couldn't find any skies under "optifine", searching for skies under "mcpatcher" instead...
[21:06:28] [ForkJoinPool.commonPool-worker-1/INFO]: Couldn't find any skies under "optifine", searching for skies under "mcpatcher" instead...
[21:06:28] [ForkJoinPool.commonPool-worker-1/INFO]: Couldn't find any skies under "optifine", searching for skies under "mcpatcher" instead...
[21:06:28] [ForkJoinPool.commonPool-worker-1/INFO]: Couldn't find any skies under "optifine", searching for skies under "mcpatcher" instead...
[21:06:28] [ForkJoinPool.commonPool-worker-1/INFO]: Couldn't find any skies under "optifine", searching for skies under "mcpatcher" instead...
[21:06:28] [ForkJoinPool.commonPool-worker-1/INFO]: Couldn't find any skies under "optifine", searching for skies under "mcpatcher" instead...
[21:06:28] [ForkJoinPool.commonPool-worker-1/INFO]: Couldn't find any skies under "optifine", searching for skies under "mcpatcher" instead...
[21:06:28] [ForkJoinPool.commonPool-worker-1/INFO]: Couldn't find any skies under "optifine", searching for skies under "mcpatcher" instead...
[21:06:28] [ForkJoinPool.commonPool-worker-1/INFO]: Couldn't find any skies under "optifine", searching for skies under "mcpatcher" instead...
[21:06:28] [ForkJoinPool.commonPool-worker-1/INFO]: Couldn't find any skies under "optifine", searching for skies under "mcpatcher" instead...
[21:06:28] [ForkJoinPool.commonPool-worker-1/INFO]: Couldn't find any skies under "optifine", searching for skies under "mcpatcher" instead...
[21:06:28] [ForkJoinPool.commonPool-worker-1/INFO]: Couldn't find any skies under "optifine", searching for skies under "mcpatcher" instead...
[21:06:28] [ForkJoinPool.commonPool-worker-1/INFO]: Couldn't find any skies under "optifine", searching for skies under "mcpatcher" instead...
[21:06:28] [ForkJoinPool.commonPool-worker-1/INFO]: Couldn't find any skies under "optifine", searching for skies under "mcpatcher" instead...
[21:06:28] [ForkJoinPool.commonPool-worker-1/INFO]: Couldn't find any skies under "optifine", searching for skies under "mcpatcher" instead...
[21:06:28] [ForkJoinPool.commonPool-worker-1/INFO]: Couldn't find any skies under "optifine", searching for skies under "mcpatcher" instead...
[21:06:28] [ForkJoinPool.commonPool-worker-1/INFO]: Couldn't find any skies under "optifine", searching for skies under "mcpatcher" instead...
[21:06:28] [ForkJoinPool.commonPool-worker-1/INFO]: Couldn't find any skies under "optifine", searching for skies under "mcpatcher" instead...
[21:06:28] [ForkJoinPool.commonPool-worker-1/INFO]: Couldn't find any skies under "optifine", searching for skies under "mcpatcher" instead...
[21:06:28] [ForkJoinPool.commonPool-worker-1/INFO]: Couldn't find any skies under "optifine", searching for skies under "mcpatcher" instead...
[21:06:28] [ForkJoinPool.commonPool-worker-1/INFO]: Couldn't find any skies under "optifine", searching for skies under "mcpatcher" instead...
[21:06:28] [ForkJoinPool.commonPool-worker-1/INFO]: Couldn't find any skies under "optifine", searching for skies under "mcpatcher" instead...
[21:06:28] [ForkJoinPool.commonPool-worker-1/INFO]: Couldn't find any skies under "optifine", searching for skies under "mcpatcher" instead...
[21:06:28] [ForkJoinPool.commonPool-worker-1/INFO]: Couldn't find any skies under "optifine", searching for skies under "mcpatcher" instead...
[21:06:28] [ForkJoinPool.commonPool-worker-1/INFO]: Couldn't find any skies under "optifine", searching for skies under "mcpatcher" instead...
[21:06:28] [ForkJoinPool.commonPool-worker-1/INFO]: Couldn't find any skies under "optifine", searching for skies under "mcpatcher" instead...
[21:06:28] [ForkJoinPool.commonPool-worker-1/INFO]: Couldn't find any skies under "optifine", searching for skies under "mcpatcher" instead...
[21:06:28] [ForkJoinPool.commonPool-worker-1/INFO]: Couldn't find any skies under "optifine", searching for skies under "mcpatcher" instead...
[21:06:28] [ForkJoinPool.commonPool-worker-1/INFO]: Couldn't find any skies under "optifine", searching for skies under "mcpatcher" instead...
[21:06:28] [ForkJoinPool.commonPool-worker-1/INFO]: Couldn't find any skies under "optifine", searching for skies under "mcpatcher" instead...
[21:06:28] [ForkJoinPool.commonPool-worker-1/INFO]: Couldn't find any skies under "optifine", searching for skies under "mcpatcher" instead...
[21:06:28] [ForkJoinPool.commonPool-worker-1/INFO]: Couldn't find any skies under "optifine", searching for skies under "mcpatcher" instead...
[21:06:28] [ForkJoinPool.commonPool-worker-1/INFO]: Couldn't find any skies under "optifine", searching for skies under "mcpatcher" instead...
[21:06:28] [ForkJoinPool.commonPool-worker-1/INFO]: Couldn't find any skies under "optifine", searching for skies under "mcpatcher" instead...
[21:06:28] [ForkJoinPool.commonPool-worker-1/INFO]: Couldn't find any skies under "optifine", searching for skies under "mcpatcher" instead...
[21:06:28] [ForkJoinPool.commonPool-worker-1/INFO]: Couldn't find any skies under "optifine", searching for skies under "mcpatcher" instead...
[21:06:28] [ForkJoinPool.commonPool-worker-1/INFO]: Couldn't find any skies under "optifine", searching for skies under "mcpatcher" instead...
[21:06:28] [ForkJoinPool.commonPool-worker-1/INFO]: Couldn't find any skies under "optifine", searching for skies under "mcpatcher" instead...
[21:06:28] [ForkJoinPool.commonPool-worker-1/INFO]: Couldn't find any skies under "optifine", searching for skies under "mcpatcher" instead...
[21:06:28] [ForkJoinPool.commonPool-worker-1/INFO]: Couldn't find any skies under "optifine", searching for skies under "mcpatcher" instead...
[21:06:28] [ForkJoinPool.commonPool-worker-1/INFO]: Couldn't find any skies under "optifine", searching for skies under "mcpatcher" instead...
[21:06:28] [ForkJoinPool.commonPool-worker-1/INFO]: Couldn't find any skies under "optifine", searching for skies under "mcpatcher" instead...
[21:06:28] [ForkJoinPool.commonPool-worker-1/INFO]: Couldn't find any skies under "optifine", searching for skies under "mcpatcher" instead...
[21:06:28] [ForkJoinPool.commonPool-worker-1/INFO]: Couldn't find any skies under "optifine", searching for skies under "mcpatcher" instead...
[21:06:28] [ForkJoinPool.commonPool-worker-1/INFO]: Couldn't find any skies under "optifine", searching for skies under "mcpatcher" instead...
[21:06:28] [ForkJoinPool.commonPool-worker-1/INFO]: Couldn't find any skies under "optifine", searching for skies under "mcpatcher" instead...
[21:06:28] [ForkJoinPool.commonPool-worker-1/INFO]: Couldn't find any skies under "optifine", searching for skies under "mcpatcher" instead...
[21:06:28] [ForkJoinPool.commonPool-worker-1/INFO]: Couldn't find any skies under "optifine", searching for skies under "mcpatcher" instead...
[21:06:28] [ForkJoinPool.commonPool-worker-1/INFO]: Couldn't find any skies under "optifine", searching for skies under "mcpatcher" instead...
[21:06:28] [ForkJoinPool.commonPool-worker-1/INFO]: Couldn't find any skies under "optifine", searching for skies under "mcpatcher" instead...
[21:06:28] [ForkJoinPool.commonPool-worker-1/INFO]: Couldn't find any skies under "optifine", searching for skies under "mcpatcher" instead...
[21:06:28] [Render thread/INFO]: Dynamic FPS 3.11.0 active on Fabric!
[21:06:28] [Render thread/INFO]: Cached all modded block culling states
[21:06:28] [Worker-Main-7/INFO]: Found unifont_jp_patch-17.0.01.hex, loading
[21:06:29] [Worker-Main-6/ERROR]: [EMF]: OptiFine model map for helmet already exists, overwriting
[21:06:29] [Worker-Main-6/ERROR]: [EMF]: OptiFine model map for chestplate already exists, overwriting
[21:06:29] [Worker-Main-6/ERROR]: [EMF]: OptiFine model map for leggings already exists, overwriting
[21:06:29] [Worker-Main-6/ERROR]: [EMF]: OptiFine model map for boots already exists, overwriting
[21:06:29] [Render thread/INFO]: PlayerAnimator not found!
[21:06:29] [Render thread/INFO]: Loaded Vanilla Hands items: []
[21:06:29] [Render thread/INFO]: Loaded Auto Disable items: []
[21:06:30] [Render thread/INFO]: OpenAL initialized on device OpenAL Soft on Headphones (QW GMI-850)
[21:06:30] [Render thread/INFO]: Sound engine started
[21:06:30] [Render thread/INFO]: Created: 512x256x0 minecraft:textures/atlas/particles.png-atlas
[21:06:30] [Render thread/INFO]: Created: 128x128x0 minecraft:textures/atlas/decorated_pot.png-atlas
[21:06:30] [Render thread/INFO]: Created: 2048x1024x0 minecraft:textures/atlas/armor_trims.png-atlas
[21:06:30] [Render thread/INFO]: Created: 512x256x0 minecraft:textures/atlas/paintings.png-atlas
[21:06:30] [Render thread/INFO]: Created: 1024x512x0 minecraft:textures/atlas/shield_patterns.png-atlas
[21:06:30] [Render thread/INFO]: Created: 2048x1024x2 minecraft:textures/atlas/blocks.png-atlas
[21:06:30] [Render thread/INFO]: Created: 512x512x0 minecraft:textures/atlas/chest.png-atlas
[21:06:30] [Render thread/INFO]: Created: 256x128x0 minecraft:textures/atlas/celestials.png-atlas
[21:06:30] [Render thread/INFO]: Created: 1024x512x0 minecraft:textures/atlas/banner_patterns.png-atlas
[21:06:30] [Render thread/INFO]: Created: 512x512x0 minecraft:textures/atlas/beds.png-atlas
[21:06:30] [Render thread/INFO]: Created: 1024x512x0 minecraft:textures/atlas/items.png-atlas
[21:06:30] [Render thread/INFO]: Created: 1024x1024x0 minecraft:textures/atlas/gui.png-atlas
[21:06:30] [Render thread/INFO]: Created: 128x64x0 minecraft:textures/atlas/map_decorations.png-atlas
[21:06:30] [Render thread/INFO]: Created: 512x256x0 minecraft:textures/atlas/signs.png-atlas
[21:06:30] [Render thread/INFO]: Created: 512x512x0 minecraft:textures/atlas/shulker_boxes.png-atlas
[21:06:31] [Render thread/INFO]: [ETF]: reloading ETF data.
[21:06:31] [Render thread/INFO]: [ETF]: emissive suffixes loaded: {_e}
[21:06:31] [Render thread/INFO]: [ETF]: emissive suffixes loaded: {_e}
[21:06:31] [Render thread/INFO]: Creating pipeline for dimension minecraft:overworld
[21:06:32] [Render thread/INFO]: Overlay is removed!
[21:06:40] [Render thread/INFO]: Loaded 1470 recipes
[21:06:40] [Render thread/INFO]: Loaded 1584 advancements
[21:06:41] [Render thread/INFO]: Applied 0 biome modifications to 0 of 65 new biomes in 1.508 ms
[21:06:41] [Server thread/INFO]: Starting integrated minecraft server version 1.21.11
[21:06:41] [Server thread/INFO]: Generating keypair
[21:06:41] [Server thread/INFO]: Enforcing safe world random access
[21:06:41] [Server thread/INFO]: [STDOUT]: Density function compilation finished in 335.1 ms
[21:06:41] [Server thread/INFO]: Using TheSpeedyObjectFactory with Unsafe
[21:06:47] [Server thread/INFO]: [STDOUT]: Density function compilation finished in 13.36 ms
[21:06:47] [Server thread/INFO]: [STDOUT]: Density function compilation finished in 3.433 ms
[21:06:47] [Server thread/INFO]: Loading 0 persistent chunks...
[21:06:47] [Server thread/INFO]: Preparing spawn area: 16%
[21:06:47] [Server thread/INFO]: Loading 0 chunks for player spawn...
[21:06:47] [Server thread/INFO]: Preparing spawn area: 16%
[21:06:48] [Server thread/INFO]: Preparing spawn area: 16%
[21:06:48] [Server thread/INFO]: Time elapsed: 1069 ms
[21:06:48] [Render thread/INFO]: Joined server with c2me:ext_render_distance_v1 support
[21:06:48] [Server thread/INFO]: j_shelfwood[local:E:bfd7e7cf] logged in with entity id 31 at (1280.8866726498138, 190.60229324366605, 417.6971769889995)
[21:06:48] [Render thread/INFO]: [me.cx.vy.cl.VoxyInstance]: Initializing voxy instance
[21:06:48] [Render thread/INFO]: [me.cx.vy.cl.VoxyInstance]: Dedicated voxy thread pool size: 9
[21:06:48] [Server thread/INFO]: j_shelfwood joined the game
[21:06:48] [Render thread/INFO]: Reloading pipeline on dimension change: minecraft:overworld => minecraft:overworld
[21:06:48] [Render thread/INFO]: Destroying pipeline minecraft:overworld
[21:06:48] [Render thread/INFO]: Creating pipeline for dimension minecraft:overworld
[21:06:48] [Render thread/INFO]: [me.cx.vy.cl.VoxyInstance]: Creating new world engine: -697569131418652425@563156080
[21:06:48] [Server thread/INFO]: Changing view distance to 8, from 10
[21:06:48] [Server thread/INFO]: Changing simulation distance to 6, from 0
[21:06:49] [Render thread/INFO]: [me.cx.vy.ct.ce.rg.sn.gy.BasicSectionGeometryData]: Creating and zeroing 4095MB geometry buffer driver states 6251MB of free memory
[21:06:49] [Render thread/INFO]: [me.cx.vy.ct.ce.rg.sn.gy.BasicSectionGeometryData]: if your game crashes/exits here without any other log message, try manually decreasing the geometry capacity
[21:06:49] [Render thread/INFO]: [me.cx.vy.ct.ce.rg.sn.gy.BasicSectionGeometryData]: Running on nvidia, using workaround sparse buffer allocation
[21:06:49] [Render thread/INFO]: [me.cx.vy.ct.ce.rg.sn.gy.BasicSectionGeometryData]: Successfully allocated the geometry buffer in 6ms
[21:06:49] [Render thread/INFO]: [me.cx.vy.ct.ce.VoxyRenderSystem]: Voxy render system created with 4294966272 geometry capacity, using pipeline 'NormalRenderPipeline' with renderer 'MDICSectionRenderer'
[21:06:50] [Render thread/WARN]: @ModifyVariable(@At("HEAD")) Shift.BY=1 on sspb.mixins.json:sodium.SmoothLightPipelineMixin from mod sspb::localvar$dlc000$sspb$modifyApplyInsetPartialFaceVertexN2d exceeds the maximum allowed value: 0. Increase the value of maxShiftBy to suppress this warning.
[21:06:50] [Render thread/INFO]: Started 10 worker threads
[21:06:50] [Render thread/INFO]: [me.cx.vy.cl.VoxyInstance]: Dedicated voxy thread pool size: 1
[21:06:50] [Render thread/WARN]: [me.cx.vy.cl.is.DHImporter]: Unable to load sqlite JDBC or lzma decompressor, DHImporting wont be available java.lang.ClassNotFoundException: org.sqlite.JDBC
java.lang.ClassNotFoundException: org.sqlite.JDBC
	at java.base/jdk.internal.loader.BuiltinClassLoader.loadClass(BuiltinClassLoader.java:641)
	at java.base/java.lang.ClassLoader.loadClass(ClassLoader.java:526)
	at net.fabricmc.loader.impl.launch.knot.KnotClassDelegate.loadClass(KnotClassDelegate.java:239)
	at net.fabricmc.loader.impl.launch.knot.KnotClassLoader.loadClass(KnotClassLoader.java:119)
	at java.base/java.lang.ClassLoader.loadClass(ClassLoader.java:526)
	at java.base/java.lang.Class.forName0(Native Method)
	at java.base/java.lang.Class.forName(Class.java:421)
	at java.base/java.lang.Class.forName(Class.java:412)
	at knot//me.cortex.voxy.commonImpl.importers.DHImporter.<clinit>(DHImporter.java:461)
	at knot//me.cortex.voxy.client.VoxyCommands.register(VoxyCommands.java:56)
	at knot//me.cortex.voxy.client.VoxyClient.lambda$onInitializeClient$0(VoxyClient.java:80)
	at knot//net.fabricmc.fabric.api.client.command.v2.ClientCommandRegistrationCallback.lambda$static$0(ClientCommandRegistrationCallback.java:36)
	at knot//net.minecraft.class_634.handler$zog000$fabric-command-api-v2$onGameJoin(class_634.java:3938)
	at knot//net.minecraft.class_634.method_11120(class_634.java:593)
	at knot//net.minecraft.class_2678.method_11567(class_2678.java:69)
	at knot//net.minecraft.class_2678.method_65081(class_2678.java:17)
	at knot//net.minecraft.class_11980$class_11981.method_74450(class_11980.java:55)
	at knot//net.minecraft.class_11980.method_74449(class_11980.java:38)
	at knot//net.minecraft.class_310.method_1523(class_310.java:1337)
	at knot//net.minecraft.class_310.method_1514(class_310.java:966)
	at knot//net.minecraft.client.main.Main.main(Main.java:250)
	at net.fabricmc.loader.impl.game.minecraft.MinecraftGameProvider.launch(MinecraftGameProvider.java:514)
	at net.fabricmc.loader.impl.launch.knot.Knot.launch(Knot.java:72)
	at net.fabricmc.loader.impl.launch.knot.KnotClient.main(KnotClient.java:23)
	at org.prismlauncher.launcher.impl.StandardLauncher.launch(StandardLauncher.java:105)
	at org.prismlauncher.EntryPoint.listen(EntryPoint.java:129)
	at org.prismlauncher.EntryPoint.main(EntryPoint.java:70)
[21:06:50] [Render thread/INFO]: Loaded 7 advancements
[21:06:50] [Render thread/INFO]: Joined server with c2me:ext_render_distance_v1 support
[21:06:50] [Render thread/INFO]: Changing view distance to 8 (play stage)
[21:06:50] [Render thread/INFO]: Resizing Dynamic Transforms UBO, capacity limit of 2 reached during a single frame. New capacity will be 4.
[21:06:50] [Render thread/INFO]: Resizing Dynamic Transforms UBO, capacity limit of 4 reached during a single frame. New capacity will be 8.
[21:06:54] [Async Node Manager/INFO]: [me.cx.vy.ct.ce.rg.hl.AsyncNodeManager$ComputeMemoryCopy]: Resizing scratch data buffer to: 2097152
[21:06:54] [Async Node Manager/INFO]: [me.cx.vy.ct.ce.rg.hl.AsyncNodeManager$ComputeMemoryCopy]: Resizing scratch data buffer to: 2097152
[21:06:55] [Async Node Manager/INFO]: [me.cx.vy.ct.ce.rg.hl.AsyncNodeManager$ComputeMemoryCopy]: Resizing scratch data buffer to: 4194304
[21:07:05] [Server thread/INFO]: Saving and pausing game...
[21:07:05] [Server thread/INFO]: Saving chunks for level 'ServerLevel[dd]'/minecraft:overworld
[21:07:05] [Server thread/INFO]: Saving chunks for level 'ServerLevel[dd]'/minecraft:the_end
[21:07:05] [Server thread/INFO]: Saving chunks for level 'ServerLevel[dd]'/minecraft:the_nether
[21:07:07] [Server thread/INFO]: Saving and pausing game...
[21:07:07] [Server thread/INFO]: Saving chunks for level 'ServerLevel[dd]'/minecraft:overworld
[21:07:07] [Server thread/INFO]: Saving chunks for level 'ServerLevel[dd]'/minecraft:the_end
[21:07:07] [Server thread/INFO]: Saving chunks for level 'ServerLevel[dd]'/minecraft:the_nether
[21:07:14] [Server thread/INFO]: Saving and pausing game...
[21:07:14] [Server thread/INFO]: Saving chunks for level 'ServerLevel[dd]'/minecraft:overworld
[21:07:14] [Server thread/INFO]: Saving chunks for level 'ServerLevel[dd]'/minecraft:the_end
[21:07:14] [Server thread/INFO]: Saving chunks for level 'ServerLevel[dd]'/minecraft:the_nether
[21:08:14] [Render thread/INFO]: [CHAT] [Chunky] Task continuing for minecraft:overworld.
[21:08:15] [Server thread/INFO]: [Chunky] Task running for minecraft:overworld. Processed: 14525 chunks (0.93%), ETA: 10:13:08, Rate: 42.1 cps, Current: 8, -51
[21:08:16] [Server thread/INFO]: [Chunky] Task running for minecraft:overworld. Processed: 14549 chunks (0.93%), ETA: 23:54:32, Rate: 18.0 cps, Current: 4, -54
[21:08:17] [Server thread/INFO]: [Chunky] Task running for minecraft:overworld. Processed: 14566 chunks (0.93%), ETA: 24:25:27, Rate: 17.6 cps, Current: 4, -50
[21:08:18] [c2me-worker-2/WARN]: Empty height range: [-55 absolute--60 absolute]
[21:08:18] [c2me-worker-2/WARN]: Empty height range: [-55 absolute--60 absolute]
[21:08:18] [c2me-worker-2/WARN]: Empty height range: [-55 absolute--60 absolute]
[21:08:19] [Server thread/INFO]: [Chunky] Task running for minecraft:overworld. Processed: 14596 chunks (0.93%), ETA: 21:59:44, Rate: 19.6 cps, Current: 3, -47
[21:08:20] [Server thread/INFO]: [Chunky] Task running for minecraft:overworld. Processed: 14619 chunks (0.93%), ETA: 21:37:09, Rate: 19.9 cps, Current: 2, -45
[21:08:20] [Async Node Manager/WARN]: [me.cx.vy.ct.ce.rg.hl.NodeManager]: Tried processing a node that already has a request in flight: 47011 pos: 1@[0, 0, -11] ignoring
[21:08:21] [Server thread/INFO]: [Chunky] Task running for minecraft:overworld. Processed: 14656 chunks (0.94%), ETA: 19:01:39, Rate: 22.6 cps, Current: 7, -43
[21:08:22] [Server thread/INFO]: [Chunky] Task running for minecraft:overworld. Processed: 14696 chunks (0.94%), ETA: 17:42:55, Rate: 24.3 cps, Current: 4, -40
[21:08:23] [Server thread/INFO]: [Chunky] Task running for minecraft:overworld. Processed: 14730 chunks (0.94%), ETA: 17:32:10, Rate: 24.6 cps, Current: 8, -38
[21:08:24] [Server thread/INFO]: [Chunky] Task running for minecraft:overworld. Processed: 14765 chunks (0.94%), ETA: 17:02:34, Rate: 25.3 cps, Current: 8, -41
[21:08:25] [Server thread/INFO]: [Chunky] Task running for minecraft:overworld. Processed: 14793 chunks (0.95%), ETA: 16:59:40, Rate: 25.3 cps, Current: 9, -48
[21:08:26] [Server thread/INFO]: [Chunky] Task running for minecraft:overworld. Processed: 14833 chunks (0.95%), ETA: 16:19:49, Rate: 26.4 cps, Current: 11, -44
[21:08:28] [Server thread/INFO]: [Chunky] Task running for minecraft:overworld. Processed: 14853 chunks (0.95%), ETA: 17:12:31, Rate: 25.0 cps, Current: 17, -47
[21:08:29] [Server thread/INFO]: [Chunky] Task running for minecraft:overworld. Processed: 14900 chunks (0.95%), ETA: 16:17:38, Rate: 26.4 cps, Current: 16, -34
[21:08:30] [Server thread/INFO]: [Chunky] Task running for minecraft:overworld. Processed: 14933 chunks (0.95%), ETA: 16:07:05, Rate: 26.7 cps, Current: 21, -41
[21:08:31] [Server thread/INFO]: [Chunky] Task running for minecraft:overworld. Processed: 14958 chunks (0.96%), ETA: 16:19:49, Rate: 26.4 cps, Current: 23, -39
[21:08:32] [Server thread/INFO]: [Chunky] Task running for minecraft:overworld. Processed: 15022 chunks (0.96%), ETA: 15:09:32, Rate: 28.4 cps, Current: 27, -37
[21:08:33] [Server thread/INFO]: [Chunky] Task running for minecraft:overworld. Processed: 15102 chunks (0.96%), ETA: 13:51:26, Rate: 31.1 cps, Current: 25, -48
[21:08:34] [Server thread/INFO]: [Chunky] Task running for minecraft:overworld. Processed: 15158 chunks (0.97%), ETA: 13:19:28, Rate: 32.3 cps, Current: 24, -50
[21:08:35] [Server thread/INFO]: [Chunky] Task running for minecraft:overworld. Processed: 15225 chunks (0.97%), ETA: 12:40:27, Rate: 34.0 cps, Current: 16, -56
[21:08:36] [Server thread/INFO]: [Chunky] Task running for minecraft:overworld. Processed: 15282 chunks (0.98%), ETA: 12:18:02, Rate: 35.0 cps, Current: 26, -57
[21:08:39] [Server thread/INFO]: [Chunky] Task running for minecraft:overworld. Processed: 15361 chunks (0.98%), ETA: 12:16:01, Rate: 35.1 cps, Current: -27, -59
[21:08:40] [Server thread/INFO]: [Chunky] Task running for minecraft:overworld. Processed: 15379 chunks (0.98%), ETA: 12:33:38, Rate: 34.3 cps, Current: -29, -61
[21:08:41] [Server thread/INFO]: [Chunky] Task running for minecraft:overworld. Processed: 15413 chunks (0.98%), ETA: 12:34:03, Rate: 34.3 cps, Current: -25, -57
[21:08:42] [Server thread/INFO]: [Chunky] Task running for minecraft:overworld. Processed: 15440 chunks (0.99%), ETA: 12:41:35, Rate: 33.9 cps, Current: -18, -59
[21:08:43] [Server thread/INFO]: [Chunky] Task running for minecraft:overworld. Processed: 15482 chunks (0.99%), ETA: 12:38:37, Rate: 34.0 cps, Current: -22, -64
[21:08:44] [Server thread/INFO]: [Chunky] Task running for minecraft:overworld. Processed: 15518 chunks (0.99%), ETA: 12:37:15, Rate: 34.1 cps, Current: -21, -51
[21:08:45] [Server thread/INFO]: [Chunky] Task running for minecraft:overworld. Processed: 15576 chunks (1.00%), ETA: 11:57:03, Rate: 36.0 cps, Current: -29, -54
[21:08:46] [Server thread/INFO]: [Chunky] Task running for minecraft:overworld. Processed: 15631 chunks (1.00%), ETA: 11:45:32, Rate: 36.6 cps, Current: -27, -45
[21:08:47] [Server thread/INFO]: [Chunky] Task running for minecraft:overworld. Processed: 15669 chunks (1.00%), ETA: 11:32:11, Rate: 37.3 cps, Current: -32, -49
[21:08:48] [Server thread/INFO]: [Chunky] Task running for minecraft:overworld. Processed: 15738 chunks (1.01%), ETA: 11:03:39, Rate: 38.9 cps, Current: -32, -37
[21:08:49] [Server thread/INFO]: [Chunky] Task running for minecraft:overworld. Processed: 15798 chunks (1.01%), ETA: 10:42:09, Rate: 40.2 cps, Current: -24, -41
[21:08:50] [Server thread/INFO]: [Chunky] Task running for minecraft:overworld. Processed: 15873 chunks (1.01%), ETA: 10:22:15, Rate: 41.5 cps, Current: -16, -46
[21:08:50] [Async Node Manager/WARN]: [me.cx.vy.ct.ce.rg.hl.NodeManager]: Tried processing a node that already has a request in flight: 48045 pos: 1@[-3, 1, -12] ignoring
[21:08:51] [Server thread/INFO]: [Chunky] Task running for minecraft:overworld. Processed: 15927 chunks (1.02%), ETA: 10:11:04, Rate: 42.2 cps, Current: -15, -33
[21:08:52] [Server thread/INFO]: [Chunky] Task running for minecraft:overworld. Processed: 15979 chunks (1.02%), ETA: 9:56:11, Rate: 43.3 cps, Current: -12, -36
[21:08:53] [Server thread/INFO]: [Chunky] Task running for minecraft:overworld. Processed: 16078 chunks (1.03%), ETA: 9:32:11, Rate: 45.1 cps, Current: -7, -46
[21:08:54] [Server thread/INFO]: [Chunky] Task running for minecraft:overworld. Processed: 16143 chunks (1.03%), ETA: 9:17:23, Rate: 46.3 cps, Current: -2, -52
[21:08:55] [Server thread/INFO]: [Chunky] Task running for minecraft:overworld. Processed: 16194 chunks (1.03%), ETA: 9:07:14, Rate: 47.2 cps, Current: -11, -51
[21:08:56] [Server thread/INFO]: [Chunky] Task running for minecraft:overworld. Processed: 16245 chunks (1.04%), ETA: 9:02:09, Rate: 47.6 cps, Current: -12, -54
[21:08:57] [Server thread/INFO]: [Chunky] Task running for minecraft:overworld. Processed: 16275 chunks (1.04%), ETA: 8:53:31, Rate: 48.4 cps, Current: -14, -58
[21:08:58] [Server thread/INFO]: [Chunky] Task running for minecraft:overworld. Processed: 16324 chunks (1.04%), ETA: 8:54:19, Rate: 48.3 cps, Current: -8, -60
[21:09:00] [Server thread/INFO]: [Chunky] Task running for minecraft:overworld. Processed: 16376 chunks (1.05%), ETA: 8:47:17, Rate: 48.9 cps, Current: -4, -61
[21:09:01] [Server thread/INFO]: [Chunky] Task running for minecraft:overworld. Processed: 16416 chunks (1.05%), ETA: 8:39:47, Rate: 49.7 cps, Current: -58, -62
[21:09:02] [Server thread/INFO]: [Chunky] Task running for minecraft:overworld. Processed: 16447 chunks (1.05%), ETA: 8:52:08, Rate: 48.5 cps, Current: -57, -58
[21:09:03] [Server thread/INFO]: [Chunky] Task running for minecraft:overworld. Processed: 16510 chunks (1.05%), ETA: 8:58:32, Rate: 47.9 cps, Current: -50, -55
[21:09:03] [Async Node Manager/WARN]: [me.cx.vy.ct.ce.rg.hl.NodeManager]: Tried processing a node that already has a request in flight: 50032 pos: 1@[-13, 0, -13] ignoring
[21:09:03] [Async Node Manager/WARN]: [me.cx.vy.ct.ce.rg.hl.NodeManager]: Tried processing a node that already has a request in flight: 50036 pos: 1@[-13, 1, -13] ignoring
[21:09:04] [Async Node Manager/WARN]: [me.cx.vy.ct.ce.rg.hl.NodeManager]: Tried processing a node that already has a request in flight: 49385 pos: 1@[-15, -1, -14] ignoring
[21:09:04] [Server thread/INFO]: [Chunky] Task running for minecraft:overworld. Processed: 16568 chunks (1.06%), ETA: 8:57:50, Rate: 48.0 cps, Current: -60, -56
[21:09:05] [Server thread/INFO]: [Chunky] Task running for minecraft:overworld. Processed: 16623 chunks (1.06%), ETA: 9:02:33, Rate: 47.6 cps, Current: -60, -49
[21:09:06] [Server thread/INFO]: [Chunky] Task running for minecraft:overworld. Processed: 16669 chunks (1.07%), ETA: 9:07:57, Rate: 47.1 cps, Current: -61, -43
[21:09:07] [Server thread/INFO]: [Chunky] Task running for minecraft:overworld. Processed: 16696 chunks (1.07%), ETA: 9:08:38, Rate: 47.0 cps, Current: -57, -46
[21:09:08] [Server thread/INFO]: [Chunky] Task running for minecraft:overworld. Processed: 16718 chunks (1.07%), ETA: 9:20:59, Rate: 46.0 cps, Current: -62, -34
[21:09:09] [Server thread/INFO]: [Chunky] Task running for minecraft:overworld. Processed: 16746 chunks (1.07%), ETA: 9:17:01, Rate: 46.3 cps, Current: -64, -36
[21:09:10] [Server thread/INFO]: [Chunky] Task running for minecraft:overworld. Processed: 16752 chunks (1.07%), ETA: 9:30:24, Rate: 45.2 cps, Current: -64, -35
[21:09:12] [Server thread/INFO]: [Chunky] Task running for minecraft:overworld. Processed: 16784 chunks (1.07%), ETA: 9:33:51, Rate: 45.0 cps, Current: -53, -34
[21:09:13] [Server thread/INFO]: [Chunky] Task running for minecraft:overworld. Processed: 16790 chunks (1.07%), ETA: 9:48:29, Rate: 43.8 cps, Current: -53, -37
[21:09:13] [Async Node Manager/WARN]: [me.cx.vy.ct.ce.rg.hl.NodeManager]: Tried processing a node that already has a request in flight: 50423 pos: 1@[-13, 0, -9] ignoring
[21:09:14] [Server thread/INFO]: [Chunky] Task running for minecraft:overworld. Processed: 16842 chunks (1.08%), ETA: 9:41:59, Rate: 44.3 cps, Current: -54, -33
[21:09:15] [Server thread/INFO]: [Chunky] Task running for minecraft:overworld. Processed: 16890 chunks (1.08%), ETA: 9:47:46, Rate: 43.9 cps, Current: -51, -33
[21:09:16] [Server thread/INFO]: [Chunky] Task running for minecraft:overworld. Processed: 16899 chunks (1.08%), ETA: 10:09:02, Rate: 42.4 cps, Current: -48, -47
[21:09:17] [Async Node Manager/WARN]: [me.cx.vy.ct.ce.rg.hl.NodeManager]: Tried processing a node that already has a request in flight: 50581 pos: 1@[-12, 0, -11] ignoring
[21:09:17] [Server thread/INFO]: [Chunky] Task running for minecraft:overworld. Processed: 16925 chunks (1.08%), ETA: 10:14:41, Rate: 42.0 cps, Current: -45, -48
[21:09:18] [Server thread/INFO]: [Chunky] Task running for minecraft:overworld. Processed: 16942 chunks (1.08%), ETA: 10:52:54, Rate: 39.5 cps, Current: -47, -41
[21:09:19] [Server thread/INFO]: [Chunky] Task running for minecraft:overworld. Processed: 16960 chunks (1.08%), ETA: 11:30:45, Rate: 37.4 cps, Current: -46, -34
[21:09:20] [Server thread/INFO]: [Chunky] Task running for minecraft:overworld. Processed: 16978 chunks (1.08%), ETA: 11:56:46, Rate: 36.0 cps, Current: -45, -36
[21:09:22] [Server thread/INFO]: [Chunky] Task running for minecraft:overworld. Processed: 16993 chunks (1.09%), ETA: 12:30:58, Rate: 34.4 cps, Current: -42, -35
[21:09:23] [Server thread/INFO]: [Chunky] Task running for minecraft:overworld. Processed: 17020 chunks (1.09%), ETA: 13:27:56, Rate: 31.9 cps, Current: -41, -35
[21:09:24] [Server thread/INFO]: [Chunky] Task running for minecraft:overworld. Processed: 17036 chunks (1.09%), ETA: 14:16:06, Rate: 30.1 cps, Current: -40, -40
[21:09:25] [Async Node Manager/WARN]: [me.cx.vy.ct.ce.rg.hl.NodeManager]: Tried processing a node that already has a request in flight: 50785 pos: 1@[-9, 1, -10] ignoring
[21:09:25] [Server thread/INFO]: [Chunky] Task running for minecraft:overworld. Processed: 17077 chunks (1.09%), ETA: 14:25:13, Rate: 29.8 cps, Current: -37, -36
[21:09:26] [Server thread/INFO]: [Chunky] Task running for minecraft:overworld. Processed: 17109 chunks (1.09%), ETA: 14:48:26, Rate: 29.0 cps, Current: -40, -48
[21:09:27] [Server thread/INFO]: [Chunky] Task running for minecraft:overworld. Processed: 17157 chunks (1.10%), ETA: 14:24:55, Rate: 29.8 cps, Current: -38, -46
[21:09:28] [Server thread/INFO]: [Chunky] Task running for minecraft:overworld. Processed: 17198 chunks (1.10%), ETA: 14:29:55, Rate: 29.7 cps, Current: -34, -55
[21:09:29] [Server thread/INFO]: [Chunky] Task running for minecraft:overworld. Processed: 17241 chunks (1.10%), ETA: 14:37:34, Rate: 29.4 cps, Current: -41, -55
[21:09:30] [Server thread/INFO]: [Chunky] Task running for minecraft:overworld. Processed: 17287 chunks (1.10%), ETA: 14:30:53, Rate: 29.6 cps, Current: -48, -60
[21:09:31] [Server thread/INFO]: [Chunky] Task running for minecraft:overworld. Processed: 17339 chunks (1.11%), ETA: 14:10:43, Rate: 30.3 cps, Current: -42, -63
[21:09:32] [Server thread/INFO]: [Chunky] Task running for minecraft:overworld. Processed: 17387 chunks (1.11%), ETA: 14:25:49, Rate: 29.8 cps, Current: -33, -63
[21:09:33] [Server thread/INFO]: [Chunky] Task running for minecraft:overworld. Processed: 17417 chunks (1.11%), ETA: 14:55:10, Rate: 28.8 cps, Current: -63, -27
[21:09:34] [Server thread/INFO]: [Chunky] Task running for minecraft:overworld. Processed: 17451 chunks (1.12%), ETA: 15:19:26, Rate: 28.1 cps, Current: -62, -25
[21:09:35] [Server thread/INFO]: [Chunky] Task running for minecraft:overworld. Processed: 17486 chunks (1.12%), ETA: 15:34:11, Rate: 27.6 cps, Current: -57, -25
[21:09:36] [Server thread/INFO]: [Chunky] Task running for minecraft:overworld. Processed: 17516 chunks (1.12%), ETA: 15:28:21, Rate: 27.8 cps, Current: -54, -24
[21:09:38] [Server thread/INFO]: [Chunky] Task running for minecraft:overworld. Processed: 17592 chunks (1.12%), ETA: 14:29:56, Rate: 29.6 cps, Current: -51, -18
[21:09:39] [Server thread/INFO]: [Chunky] Task running for minecraft:overworld. Processed: 17671 chunks (1.13%), ETA: 13:39:05, Rate: 31.5 cps, Current: -52, -17
[21:09:40] [Server thread/INFO]: [Chunky] Task running for minecraft:overworld. Processed: 17735 chunks (1.13%), ETA: 12:48:40, Rate: 33.5 cps, Current: -61, -2
[21:09:41] [Server thread/INFO]: [Chunky] Task running for minecraft:overworld. Processed: 17822 chunks (1.14%), ETA: 11:59:23, Rate: 35.8 cps, Current: -64, -2
[21:09:42] [Server thread/INFO]: [Chunky] Task running for minecraft:overworld. Processed: 17913 chunks (1.14%), ETA: 11:24:33, Rate: 37.7 cps, Current: -44, -14
[21:09:42] [Async Node Manager/WARN]: [me.cx.vy.ct.ce.rg.hl.NodeManager]: Tried processing a node that already has a request in flight: 32734 pos: 1@[-12, -1, -2] ignoring
[21:09:42] [Async Node Manager/WARN]: [me.cx.vy.ct.ce.rg.hl.NodeManager]: Tried processing a node that already has a request in flight: 33150 pos: 1@[-12, 0, -2] ignoring
[21:09:43] [Server thread/INFO]: [Chunky] Task running for minecraft:overworld. Processed: 18014 chunks (1.15%), ETA: 10:29:59, Rate: 40.9 cps, Current: -42, -5
[21:09:43] [Async Node Manager/WARN]: [me.cx.vy.ct.ce.rg.hl.NodeManager]: Tried processing a node that already has a request in flight: 50892 pos: 1@[-9, -1, -3] ignoring
[21:09:44] [Server thread/INFO]: [Chunky] Task running for minecraft:overworld. Processed: 18125 chunks (1.16%), ETA: 10:00:16, Rate: 42.9 cps, Current: -33, -12
[21:09:45] [Server thread/INFO]: [Chunky] Task running for minecraft:overworld. Processed: 18210 chunks (1.16%), ETA: 9:41:30, Rate: 44.3 cps, Current: -41, -17
[21:09:45] [Render thread/INFO]: Loaded 17 advancements
[21:09:46] [Server thread/INFO]: [Chunky] Task running for minecraft:overworld. Processed: 18268 chunks (1.17%), ETA: 9:22:10, Rate: 45.9 cps, Current: -40, -23
[21:09:47] [Server thread/INFO]: [Chunky] Task running for minecraft:overworld. Processed: 18298 chunks (1.17%), ETA: 9:21:17, Rate: 45.9 cps, Current: -43, -24
[21:09:48] [Server thread/INFO]: [Chunky] Task running for minecraft:overworld. Processed: 18333 chunks (1.17%), ETA: 9:12:46, Rate: 46.6 cps, Current: -47, -28
[21:09:49] [Server thread/INFO]: [Chunky] Task running for minecraft:overworld. Processed: 18394 chunks (1.18%), ETA: 8:53:38, Rate: 48.3 cps, Current: -63, 0
[21:09:49] [Async Node Manager/WARN]: [me.cx.vy.ct.ce.rg.hl.NodeManager]: Tried processing a node that already has a request in flight: 33339 pos: 1@[-16, 0, 0] ignoring
[21:09:50] [Server thread/INFO]: [Chunky] Task running for minecraft:overworld. Processed: 18491 chunks (1.18%), ETA: 8:25:32, Rate: 51.0 cps, Current: -56, 2
[21:09:50] [Server thread/INFO]: Saving and pausing game...
[21:09:50] [Server thread/INFO]: Saving chunks for level 'ServerLevel[dd]'/minecraft:overworld
[21:09:50] [Server thread/INFO]: Saving chunks for level 'ServerLevel[dd]'/minecraft:the_end
[21:09:50] [Server thread/INFO]: Saving chunks for level 'ServerLevel[dd]'/minecraft:the_nether
[21:09:51] [Server thread/INFO]: j_shelfwood lost connection: Disconnected
[21:09:51] [Server thread/INFO]: j_shelfwood left the game
[21:09:51] [Server thread/INFO]: Stopping singleplayer server as player logged out
[21:09:51] [Chunky-minecraft:overworld Thread/INFO]: [Chunky] Task stopped for minecraft:overworld.
[21:09:51] [Server thread/INFO]: Stopping server
[21:09:51] [Server thread/INFO]: Saving players
[21:09:51] [Server thread/INFO]: Saving worlds
[21:09:51] [Server thread/INFO]: ServerLevel[dd]/minecraft:overworld: waiting for 2466 chunks to unload
[21:09:51] [Server thread/INFO]: Saving chunks for level 'ServerLevel[dd]'/minecraft:overworld
[21:09:51] [Server thread/INFO]: Saving chunks for level 'ServerLevel[dd]'/minecraft:the_end
[21:09:51] [Server thread/INFO]: Saving chunks for level 'ServerLevel[dd]'/minecraft:the_nether
[21:09:51] [Server thread/INFO]: ThreadedAnvilChunkStorage (dd): All chunks are saved
[21:09:51] [Server thread/INFO]: ThreadedAnvilChunkStorage (DIM1): All chunks are saved
[21:09:51] [Server thread/INFO]: ThreadedAnvilChunkStorage (DIM-1): All chunks are saved
[21:09:51] [Server thread/INFO]: ThreadedAnvilChunkStorage: All dimensions are saved
[21:09:51] [C2ME Storage #3/INFO]: Storage thread Thread[#160,C2ME Storage #3,8,main] stopped
[21:09:51] [C2ME Storage #2/INFO]: Storage thread Thread[#159,C2ME Storage #2,8,main] stopped
[21:09:51] [C2ME Storage #1/INFO]: Storage thread Thread[#158,C2ME Storage #1,8,main] stopped
[21:09:51] [C2ME Storage #6/INFO]: Storage thread Thread[#163,C2ME Storage #6,8,main] stopped
[21:09:51] [C2ME Storage #5/INFO]: Storage thread Thread[#162,C2ME Storage #5,8,main] stopped
[21:09:51] [C2ME Storage #4/INFO]: Storage thread Thread[#161,C2ME Storage #4,8,main] stopped
[21:09:51] [C2ME Storage #9/INFO]: Storage thread Thread[#166,C2ME Storage #9,8,main] stopped
[21:09:51] [C2ME Storage #7/INFO]: Storage thread Thread[#164,C2ME Storage #7,8,main] stopped
[21:09:51] [C2ME Storage #8/INFO]: Storage thread Thread[#165,C2ME Storage #8,8,main] stopped
[21:09:51] [Render thread/INFO]: [me.cx.vy.ct.ce.VoxyRenderSystem]: Flushing download stream
[21:09:51] [Render thread/INFO]: [me.cx.vy.ct.ce.VoxyRenderSystem]: Shutting down rendering
[21:09:51] [Render thread/INFO]: [me.cx.vy.ct.ce.VoxyRenderSystem]: Shutting down render pipeline
[21:09:51] [Render thread/INFO]: [me.cx.vy.ct.ce.VoxyRenderSystem]: Flushing download stream
[21:09:51] [Render thread/INFO]: [me.cx.vy.ct.ce.VoxyRenderSystem]: Render shutdown completed
[21:09:51] [Render thread/INFO]: Stopping worker threads
[21:09:51] [Render thread/INFO]: [ETF]: emissive suffixes loaded: {_e}
[21:09:51] [Render thread/INFO]: [me.cx.vy.cl.VoxyInstance]: Shutting down voxy instance
[21:09:51] [Render thread/INFO]: [me.cx.vy.cl.VoxyInstance]: Instance shutdown
[21:09:53] [CullThread/INFO]: [STDOUT]: Shutting down culling task!
[21:09:53] [Render thread/INFO]: Stopping!
