[01Mar2026 16:55:21.795] [Thread-101/INFO] [EMI/]: [EMI] [TMRV] registerGuiHandlers: create_dragons_plus:jei_plugin...
[01Mar2026 16:55:21.795] [Thread-101/INFO] [EMI/]: [EMI] [TMRV] registerGuiHandlers: create_dragons_plus:jei_plugin took 0ms
[01Mar2026 16:55:21.795] [Thread-101/INFO] [EMI/]: [EMI] [TMRV] registerGuiHandlers: jei:internal...
[01Mar2026 16:55:21.795] [Thread-101/INFO] [EMI/]: [EMI] [TMRV] registerGuiHandlers: jei:internal took 0ms
[01Mar2026 16:55:21.795] [Thread-101/INFO] [toomanyrecipeviewers/]: registerGuiHandlers took 25ms
[01Mar2026 16:55:21.797] [Thread-101/INFO] [EMI/]: [EMI] [TMRV] registerRuntime: integratedterminalscompat:main...
[01Mar2026 16:55:21.798] [Thread-101/INFO] [EMI/]: [EMI] [TMRV] registerRuntime: integratedterminalscompat:main took 0ms
[01Mar2026 16:55:21.798] [Thread-101/INFO] [EMI/]: [EMI] [TMRV] registerRuntime: mffs:jei_plugin...
[01Mar2026 16:55:21.798] [Thread-101/INFO] [EMI/]: [EMI] [TMRV] registerRuntime: mffs:jei_plugin took 0ms
[01Mar2026 16:55:21.798] [Thread-101/INFO] [EMI/]: [EMI] [TMRV] registerRuntime: gateways:gateways...
[01Mar2026 16:55:21.798] [Thread-101/INFO] [EMI/]: [EMI] [TMRV] registerRuntime: gateways:gateways took 0ms
[01Mar2026 16:55:21.798] [Thread-101/INFO] [EMI/]: [EMI] [TMRV] registerRuntime: exposure:jei_plugin...
[01Mar2026 16:55:21.798] [Thread-101/INFO] [EMI/]: [EMI] [TMRV] registerRuntime: exposure:jei_plugin took 0ms
[01Mar2026 16:55:21.798] [Thread-101/INFO] [EMI/]: [EMI] [TMRV] registerRuntime: sfm:sfm...
[01Mar2026 16:55:21.798] [Thread-101/INFO] [EMI/]: [EMI] [TMRV] registerRuntime: sfm:sfm took 0ms
[01Mar2026 16:55:21.798] [Thread-101/INFO] [EMI/]: [EMI] [TMRV] registerRuntime: rechiseled:chiseling_plugin...
[01Mar2026 16:55:21.798] [Thread-101/INFO] [EMI/]: [EMI] [TMRV] registerRuntime: rechiseled:chiseling_plugin took 0ms
[01Mar2026 16:55:21.798] [Thread-101/INFO] [EMI/]: [EMI] [TMRV] registerRuntime: compactmachines:main...
[01Mar2026 16:55:21.798] [Thread-101/INFO] [EMI/]: [EMI] [TMRV] registerRuntime: compactmachines:main took 0ms
[01Mar2026 16:55:21.798] [Thread-101/INFO] [EMI/]: [EMI] [TMRV] registerRuntime: jei:alltheleaks...
[01Mar2026 16:55:21.798] [Thread-101/INFO] [EMI/]: [EMI] [TMRV] registerRuntime: jei:alltheleaks took 0ms
[01Mar2026 16:55:21.798] [Thread-101/INFO] [EMI/]: [EMI] [TMRV] registerRuntime: sushigocrafting:default...
[01Mar2026 16:55:21.798] [Thread-101/INFO] [EMI/]: [EMI] [TMRV] registerRuntime: sushigocrafting:default took 0ms
[01Mar2026 16:55:21.798] [Thread-101/INFO] [EMI/]: [EMI] [TMRV] registerRuntime: create_connected:jei_plugin...
[01Mar2026 16:55:21.798] [Thread-101/INFO] [EMI/]: [EMI] [TMRV] registerRuntime: create_connected:jei_plugin took 0ms
[01Mar2026 16:55:21.798] [Thread-101/INFO] [EMI/]: [EMI] [TMRV] registerRuntime: chipped:jei...
[01Mar2026 16:55:21.798] [Thread-101/INFO] [EMI/]: [EMI] [TMRV] registerRuntime: chipped:jei took 0ms
[01Mar2026 16:55:21.798] [Thread-101/INFO] [EMI/]: [EMI] [TMRV] registerRuntime: hostilenetworks:plugin...
[01Mar2026 16:55:21.798] [Thread-101/INFO] [EMI/]: [EMI] [TMRV] registerRuntime: hostilenetworks:plugin took 0ms
[01Mar2026 16:55:21.798] [Thread-101/INFO] [EMI/]: [EMI] [TMRV] registerRuntime: simplylight:jei_plugin...
[01Mar2026 16:55:21.798] [Thread-101/INFO] [EMI/]: [EMI] [TMRV] registerRuntime: simplylight:jei_plugin took 0ms
[01Mar2026 16:55:21.798] [Thread-101/INFO] [EMI/]: [EMI] [TMRV] registerRuntime: cataclysm:jei_plugin...
[01Mar2026 16:55:21.798] [Thread-101/INFO] [EMI/]: [EMI] [TMRV] registerRuntime: cataclysm:jei_plugin took 0ms
[01Mar2026 16:55:21.798] [Thread-101/INFO] [EMI/]: [EMI] [TMRV] registerRuntime: mekagenjei:jei_plugin...
[01Mar2026 16:55:21.798] [Thread-101/INFO] [EMI/]: [EMI] [TMRV] registerRuntime: mekagenjei:jei_plugin took 0ms
[01Mar2026 16:55:21.798] [Thread-101/INFO] [EMI/]: [EMI] [TMRV] registerRuntime: mininggadgets:jei_plugin...
[01Mar2026 16:55:21.798] [Thread-101/INFO] [EMI/]: [EMI] [TMRV] registerRuntime: mininggadgets:jei_plugin took 0ms
[01Mar2026 16:55:21.798] [Thread-101/INFO] [EMI/]: [EMI] [TMRV] registerRuntime: rubinated_nether:jei...
[01Mar2026 16:55:21.798] [Thread-101/INFO] [EMI/]: [EMI] [TMRV] registerRuntime: rubinated_nether:jei took 0ms
[01Mar2026 16:55:21.798] [Thread-101/INFO] [EMI/]: [EMI] [TMRV] registerRuntime: apothic_spawners:spawner...
[01Mar2026 16:55:21.798] [Thread-101/INFO] [EMI/]: [EMI] [TMRV] registerRuntime: apothic_spawners:spawner took 0ms
[01Mar2026 16:55:21.798] [Thread-101/INFO] [EMI/]: [EMI] [TMRV] registerRuntime: reliquary:default...
[01Mar2026 16:55:21.798] [Thread-101/INFO] [EMI/]: [EMI] [TMRV] registerRuntime: reliquary:default took 0ms
[01Mar2026 16:55:21.798] [Thread-101/INFO] [EMI/]: [EMI] [TMRV] registerRuntime: fluxnetworks:jei...
[01Mar2026 16:55:21.798] [Thread-101/INFO] [EMI/]: [EMI] [TMRV] registerRuntime: fluxnetworks:jei took 0ms
[01Mar2026 16:55:21.798] [Thread-101/INFO] [EMI/]: [EMI] [TMRV] registerRuntime: irons_spellbooks:jei_plugin...
[01Mar2026 16:55:21.798] [Thread-101/INFO] [EMI/]: [EMI] [TMRV] registerRuntime: irons_spellbooks:jei_plugin took 0ms
[01Mar2026 16:55:21.798] [Thread-101/INFO] [EMI/]: [EMI] [TMRV] registerRuntime: pylons:jei_plugin...
[01Mar2026 16:55:21.798] [Thread-101/INFO] [EMI/]: [EMI] [TMRV] registerRuntime: pylons:jei_plugin took 0ms
[01Mar2026 16:55:21.798] [Thread-101/INFO] [EMI/]: [EMI] [TMRV] registerRuntime: functionalstorage:main...
[01Mar2026 16:55:21.798] [Thread-101/INFO] [EMI/]: [EMI] [TMRV] registerRuntime: functionalstorage:main took 0ms
[01Mar2026 16:55:21.798] [Thread-101/INFO] [EMI/]: [EMI] [TMRV] registerRuntime: modularrouters:default...
[01Mar2026 16:55:21.798] [Thread-101/INFO] [EMI/]: [EMI] [TMRV] registerRuntime: modularrouters:default took 0ms
[01Mar2026 16:55:21.798] [Thread-101/INFO] [EMI/]: [EMI] [TMRV] registerRuntime: create_enchantment_industry:jei...
[01Mar2026 16:55:21.798] [Thread-101/INFO] [EMI/]: [EMI] [TMRV] registerRuntime: create_enchantment_industry:jei took 0ms
[01Mar2026 16:55:21.798] [Thread-101/INFO] [EMI/]: [EMI] [TMRV] registerRuntime: mechtrowel:jei_plugin...
[01Mar2026 16:55:21.798] [Thread-101/INFO] [EMI/]: [EMI] [TMRV] registerRuntime: mechtrowel:jei_plugin took 0ms
[01Mar2026 16:55:21.798] [Thread-101/INFO] [EMI/]: [EMI] [TMRV] registerRuntime: createcasing:jei...
[01Mar2026 16:55:21.798] [Thread-101/INFO] [EMI/]: [EMI] [TMRV] registerRuntime: createcasing:jei took 0ms
[01Mar2026 16:55:21.798] [Thread-101/INFO] [EMI/]: [EMI] [TMRV] registerRuntime: apothic_enchanting:enchantment...
[01Mar2026 16:55:21.798] [Thread-101/INFO] [EMI/]: [EMI] [TMRV] registerRuntime: apothic_enchanting:enchantment took 0ms
[01Mar2026 16:55:21.798] [Thread-101/INFO] [EMI/]: [EMI] [TMRV] registerRuntime: apotheosis:adventure_module...
[01Mar2026 16:55:21.798] [Thread-101/INFO] [EMI/]: [EMI] [TMRV] registerRuntime: apotheosis:adventure_module took 0ms
[01Mar2026 16:55:21.798] [Thread-101/INFO] [EMI/]: [EMI] [TMRV] registerRuntime: mekanisticrouters:jei...
[01Mar2026 16:55:21.798] [Thread-101/INFO] [EMI/]: [EMI] [TMRV] registerRuntime: mekanisticrouters:jei took 0ms
[01Mar2026 16:55:21.798] [Thread-101/INFO] [EMI/]: [EMI] [TMRV] registerRuntime: codechickenlib:jei_plugin...
[01Mar2026 16:55:21.798] [Thread-101/INFO] [EMI/]: [EMI] [TMRV] registerRuntime: codechickenlib:jei_plugin took 0ms
[01Mar2026 16:55:21.798] [Thread-101/INFO] [EMI/]: [EMI] [TMRV] registerRuntime: gametechbcs_spellbooks:jei_plugin...
[01Mar2026 16:55:21.798] [Thread-101/INFO] [EMI/]: [EMI] [TMRV] registerRuntime: gametechbcs_spellbooks:jei_plugin took 0ms
[01Mar2026 16:55:21.798] [Thread-101/INFO] [EMI/]: [EMI] [TMRV] registerRuntime: laserio:jei_plugin...
[01Mar2026 16:55:21.798] [Thread-101/INFO] [EMI/]: [EMI] [TMRV] registerRuntime: laserio:jei_plugin took 0ms
[01Mar2026 16:55:21.798] [Thread-101/INFO] [EMI/]: [EMI] [TMRV] registerRuntime: pneumaticcraft:default...
[01Mar2026 16:55:21.798] [Thread-101/INFO] [EMI/]: [EMI] [TMRV] registerRuntime: pneumaticcraft:default took 0ms
[01Mar2026 16:55:21.798] [Thread-101/INFO] [EMI/]: [EMI] [TMRV] registerRuntime: morefunctionalstorage:jei...
[01Mar2026 16:55:21.798] [Thread-101/INFO] [EMI/]: [EMI] [TMRV] registerRuntime: morefunctionalstorage:jei took 0ms
[01Mar2026 16:55:21.798] [Thread-101/INFO] [EMI/]: [EMI] [TMRV] registerRuntime: pipez:pipez...
[01Mar2026 16:55:21.798] [Thread-101/INFO] [EMI/]: [EMI] [TMRV] registerRuntime: pipez:pipez took 0ms
[01Mar2026 16:55:21.798] [Thread-101/INFO] [EMI/]: [EMI] [TMRV] registerRuntime: integrateddynamicscompat:main...
[01Mar2026 16:55:21.799] [Thread-101/INFO] [EMI/]: [EMI] [TMRV] registerRuntime: integrateddynamicscompat:main took 1ms
[01Mar2026 16:55:21.799] [Thread-101/INFO] [EMI/]: [EMI] [TMRV] registerRuntime: cable_facades:jei_plugin...
[01Mar2026 16:55:21.799] [Thread-101/INFO] [EMI/]: [EMI] [TMRV] registerRuntime: cable_facades:jei_plugin took 0ms
[01Mar2026 16:55:21.799] [Thread-101/INFO] [EMI/]: [EMI] [TMRV] registerRuntime: sauce:main...
[01Mar2026 16:55:21.799] [Thread-101/INFO] [EMI/]: [EMI] [TMRV] registerRuntime: sauce:main took 0ms
[01Mar2026 16:55:21.799] [Thread-101/INFO] [EMI/]: [EMI] [TMRV] registerRuntime: ars_elemental:main...
[01Mar2026 16:55:21.799] [Thread-101/INFO] [EMI/]: [EMI] [TMRV] registerRuntime: ars_elemental:main took 0ms
[01Mar2026 16:55:21.799] [Thread-101/INFO] [EMI/]: [EMI] [TMRV] registerRuntime: ars_elemancy:main...
[01Mar2026 16:55:21.799] [Thread-101/INFO] [EMI/]: [EMI] [TMRV] registerRuntime: ars_elemancy:main took 0ms
[01Mar2026 16:55:21.799] [Thread-101/INFO] [EMI/]: [EMI] [TMRV] registerRuntime: ars_technica:main...
[01Mar2026 16:55:21.799] [Thread-101/INFO] [EMI/]: [EMI] [TMRV] registerRuntime: ars_technica:main took 0ms
[01Mar2026 16:55:21.799] [Thread-101/INFO] [EMI/]: [EMI] [TMRV] registerRuntime: immersive_aircraft:extended_storage...
[01Mar2026 16:55:21.799] [Thread-101/INFO] [EMI/]: [EMI] [TMRV] registerRuntime: immersive_aircraft:extended_storage took 0ms
[01Mar2026 16:55:21.799] [Thread-101/INFO] [EMI/]: [EMI] [TMRV] registerRuntime: cookingforblockheads:jei...
[01Mar2026 16:55:21.799] [Thread-101/INFO] [EMI/]: [EMI] [TMRV] registerRuntime: cookingforblockheads:jei took 0ms
[01Mar2026 16:55:21.799] [Thread-101/INFO] [EMI/]: [EMI] [TMRV] registerRuntime: mob_grinding_utils:jei_plugin...
[01Mar2026 16:55:21.799] [Thread-101/INFO] [EMI/]: [EMI] [TMRV] registerRuntime: mob_grinding_utils:jei_plugin took 0ms
[01Mar2026 16:55:21.799] [Thread-101/INFO] [EMI/]: [EMI] [TMRV] registerRuntime: farmersdelight:jei_plugin...
[01Mar2026 16:55:21.799] [Thread-101/INFO] [EMI/]: [EMI] [TMRV] registerRuntime: farmersdelight:jei_plugin took 0ms
[01Mar2026 16:55:21.799] [Thread-101/INFO] [EMI/]: [EMI] [TMRV] registerRuntime: fruitsdelight:main...
[01Mar2026 16:55:21.799] [Thread-101/INFO] [EMI/]: [EMI] [TMRV] registerRuntime: fruitsdelight:main took 0ms
[01Mar2026 16:55:21.799] [Thread-101/INFO] [EMI/]: [EMI] [TMRV] registerRuntime: twilightdelight:main...
[01Mar2026 16:55:21.799] [Thread-101/INFO] [EMI/]: [EMI] [TMRV] registerRuntime: twilightdelight:main took 0ms
[01Mar2026 16:55:21.799] [Thread-101/INFO] [EMI/]: [EMI] [TMRV] registerRuntime: xycraft_machines:jei...
[01Mar2026 16:55:21.799] [Thread-101/INFO] [EMI/]: [EMI] [TMRV] registerRuntime: xycraft_machines:jei took 0ms
[01Mar2026 16:55:21.799] [Thread-101/INFO] [EMI/]: [EMI] [TMRV] registerRuntime: actuallyadditions:jei_plugin...
[01Mar2026 16:55:21.799] [Thread-101/INFO] [EMI/]: [EMI] [TMRV] registerRuntime: actuallyadditions:jei_plugin took 0ms
[01Mar2026 16:55:21.799] [Thread-101/INFO] [EMI/]: [EMI] [TMRV] registerRuntime: patchouli:patchouli...
[01Mar2026 16:55:21.799] [Thread-101/INFO] [EMI/]: [EMI] [TMRV] registerRuntime: patchouli:patchouli took 0ms
[01Mar2026 16:55:21.799] [Thread-101/INFO] [EMI/]: [EMI] [TMRV] registerRuntime: ars_additions:main...
[01Mar2026 16:55:21.799] [Thread-101/INFO] [EMI/]: [EMI] [TMRV] registerRuntime: ars_additions:main took 0ms
[01Mar2026 16:55:21.799] [Thread-101/INFO] [EMI/]: [EMI] [TMRV] registerRuntime: replication:replication...
[01Mar2026 16:55:21.799] [Thread-101/INFO] [EMI/]: [EMI] [TMRV] registerRuntime: replication:replication took 0ms
[01Mar2026 16:55:21.799] [Thread-101/INFO] [EMI/]: [EMI] [TMRV] registerRuntime: mekanismtools:jei_plugin...
[01Mar2026 16:55:21.799] [Thread-101/INFO] [EMI/]: [EMI] [TMRV] registerRuntime: mekanismtools:jei_plugin took 0ms
[01Mar2026 16:55:21.799] [Thread-101/INFO] [EMI/]: [EMI] [TMRV] registerRuntime: vinery:jei_plugin...
[01Mar2026 16:55:21.799] [Thread-101/INFO] [EMI/]: [EMI] [TMRV] registerRuntime: vinery:jei_plugin took 0ms
[01Mar2026 16:55:21.799] [Thread-101/INFO] [EMI/]: [EMI] [TMRV] registerRuntime: herbalbrews:jei_plugin...
[01Mar2026 16:55:21.799] [Thread-101/INFO] [EMI/]: [EMI] [TMRV] registerRuntime: herbalbrews:jei_plugin took 0ms
[01Mar2026 16:55:21.799] [Thread-101/INFO] [EMI/]: [EMI] [TMRV] registerRuntime: farm_and_charm:jei_plugin...
[01Mar2026 16:55:21.799] [Thread-101/INFO] [EMI/]: [EMI] [TMRV] registerRuntime: farm_and_charm:jei_plugin took 0ms
[01Mar2026 16:55:21.799] [Thread-101/INFO] [EMI/]: [EMI] [TMRV] registerRuntime: brewery:jei_plugin...
[01Mar2026 16:55:21.799] [Thread-101/INFO] [EMI/]: [EMI] [TMRV] registerRuntime: brewery:jei_plugin took 0ms
[01Mar2026 16:55:21.799] [Thread-101/INFO] [EMI/]: [EMI] [TMRV] registerRuntime: beachparty:jei_plugin...
[01Mar2026 16:55:21.799] [Thread-101/INFO] [EMI/]: [EMI] [TMRV] registerRuntime: beachparty:jei_plugin took 0ms
[01Mar2026 16:55:21.799] [Thread-101/INFO] [EMI/]: [EMI] [TMRV] registerRuntime: refurbished_furniture:plugin...
[01Mar2026 16:55:21.799] [Thread-101/INFO] [EMI/]: [EMI] [TMRV] registerRuntime: refurbished_furniture:plugin took 0ms
[01Mar2026 16:55:21.799] [Thread-101/INFO] [EMI/]: [EMI] [TMRV] registerRuntime: trashcans:jei_plugin...
[01Mar2026 16:55:21.799] [Thread-101/INFO] [EMI/]: [EMI] [TMRV] registerRuntime: trashcans:jei_plugin took 0ms
[01Mar2026 16:55:21.799] [Thread-101/INFO] [EMI/]: [EMI] [TMRV] registerRuntime: justdirethings:jei_plugin...
[01Mar2026 16:55:21.799] [Thread-101/INFO] [EMI/]: [EMI] [TMRV] registerRuntime: justdirethings:jei_plugin took 0ms
[01Mar2026 16:55:21.799] [Thread-101/INFO] [EMI/]: [EMI] [TMRV] registerRuntime: polylib:jei_plugin...
[01Mar2026 16:55:21.799] [Thread-101/INFO] [EMI/]: [EMI] [TMRV] registerRuntime: polylib:jei_plugin took 0ms
[01Mar2026 16:55:21.799] [Thread-101/INFO] [EMI/]: [EMI] [TMRV] registerRuntime: irons_jewelry:jei_plugin...
[01Mar2026 16:55:21.799] [Thread-101/INFO] [EMI/]: [EMI] [TMRV] registerRuntime: irons_jewelry:jei_plugin took 0ms
[01Mar2026 16:55:21.799] [Thread-101/INFO] [EMI/]: [EMI] [TMRV] registerRuntime: ftbxmodcompat:ftbquests_jei...
[01Mar2026 16:55:21.799] [Thread-101/INFO] [EMI/]: [EMI] [TMRV] registerRuntime: ftbxmodcompat:ftbquests_jei took 0ms
[01Mar2026 16:55:21.799] [Thread-101/INFO] [EMI/]: [EMI] [TMRV] registerRuntime: ftbfiltersystem:default...
[01Mar2026 16:55:21.799] [Thread-101/INFO] [EMI/]: [EMI] [TMRV] registerRuntime: ftbfiltersystem:default took 0ms
[01Mar2026 16:55:21.799] [Thread-101/INFO] [EMI/]: [EMI] [TMRV] registerRuntime: trashslot:trashslot...
[01Mar2026 16:55:21.799] [Thread-101/INFO] [EMI/]: [EMI] [TMRV] registerRuntime: trashslot:trashslot took 0ms
[01Mar2026 16:55:21.799] [Thread-101/INFO] [EMI/]: [EMI] [TMRV] registerRuntime: pipe_connector:jei_plugin...
[01Mar2026 16:55:21.799] [Thread-101/INFO] [EMI/]: [EMI] [TMRV] registerRuntime: pipe_connector:jei_plugin took 0ms
[01Mar2026 16:55:21.799] [Thread-101/INFO] [EMI/]: [EMI] [TMRV] registerRuntime: yungscavebiomes:jei_plugin...
[01Mar2026 16:55:21.799] [Thread-101/INFO] [EMI/]: [EMI] [TMRV] registerRuntime: yungscavebiomes:jei_plugin took 0ms
[01Mar2026 16:55:21.799] [Thread-101/INFO] [EMI/]: [EMI] [TMRV] registerRuntime: mcjtylib:mcjtylib...
[01Mar2026 16:55:21.799] [Thread-101/INFO] [EMI/]: [EMI] [TMRV] registerRuntime: mcjtylib:mcjtylib took 0ms
[01Mar2026 16:55:21.799] [Thread-101/INFO] [EMI/]: [EMI] [TMRV] registerRuntime: rftoolsbase:rftoolsbase...
[01Mar2026 16:55:21.799] [Thread-101/INFO] [EMI/]: [EMI] [TMRV] registerRuntime: rftoolsbase:rftoolsbase took 0ms
[01Mar2026 16:55:21.799] [Thread-101/INFO] [EMI/]: [EMI] [TMRV] registerRuntime: rftoolsutility:rftoolsutility...
[01Mar2026 16:55:21.799] [Thread-101/INFO] [EMI/]: [EMI] [TMRV] registerRuntime: rftoolsutility:rftoolsutility took 0ms
[01Mar2026 16:55:21.799] [Thread-101/INFO] [EMI/]: [EMI] [TMRV] registerRuntime: titanium:default...
[01Mar2026 16:55:21.799] [Thread-101/INFO] [EMI/]: [EMI] [TMRV] registerRuntime: titanium:default took 0ms
[01Mar2026 16:55:21.799] [Thread-101/INFO] [EMI/]: [EMI] [TMRV] registerRuntime: jade:main...
[01Mar2026 16:55:21.799] [Thread-101/INFO] [EMI/]: [EMI] [TMRV] registerRuntime: jade:main took 0ms
[01Mar2026 16:55:21.799] [Thread-101/INFO] [EMI/]: [EMI] [TMRV] registerRuntime: ae2ct:favorite_item...
[01Mar2026 16:55:21.799] [Thread-101/INFO] [EMI/]: [EMI] [TMRV] registerRuntime: ae2ct:favorite_item took 0ms
[01Mar2026 16:55:21.799] [Thread-101/INFO] [EMI/]: [EMI] [TMRV] registerRuntime: enderdrives:jei_plugin...
[01Mar2026 16:55:21.799] [Thread-101/INFO] [EMI/]: [EMI] [TMRV] registerRuntime: enderdrives:jei_plugin took 0ms
[01Mar2026 16:55:21.799] [Thread-101/INFO] [EMI/]: [EMI] [TMRV] registerRuntime: displaydelight:jei_plugin...
[01Mar2026 16:55:21.799] [Thread-101/INFO] [EMI/]: [EMI] [TMRV] registerRuntime: displaydelight:jei_plugin took 0ms
[01Mar2026 16:55:21.800] [Thread-101/INFO] [EMI/]: [EMI] [TMRV] registerRuntime: barbequesdelight:main...
[01Mar2026 16:55:21.800] [Thread-101/INFO] [EMI/]: [EMI] [TMRV] registerRuntime: barbequesdelight:main took 0ms
[01Mar2026 16:55:21.800] [Thread-101/INFO] [EMI/]: [EMI] [TMRV] registerRuntime: jei_mekanism_multiblocks:jei_plugin...
[01Mar2026 16:55:21.800] [Thread-101/INFO] [EMI/]: [EMI] [TMRV] registerRuntime: jei_mekanism_multiblocks:jei_plugin took 0ms
[01Mar2026 16:55:21.800] [Thread-101/INFO] [EMI/]: [EMI] [TMRV] registerRuntime: modonomicon:modonomicon...
[01Mar2026 16:55:21.800] [Thread-101/INFO] [EMI/]: [EMI] [TMRV] registerRuntime: modonomicon:modonomicon took 0ms
[01Mar2026 16:55:21.800] [Thread-101/INFO] [EMI/]: [EMI] [TMRV] registerRuntime: create:jei_plugin...
[01Mar2026 16:55:21.800] [Thread-101/INFO] [EMI/]: [EMI] [TMRV] registerRuntime: create:jei_plugin took 0ms
[01Mar2026 16:55:21.800] [Thread-101/INFO] [EMI/]: [EMI] [TMRV] registerRuntime: create_dragons_plus:jei_plugin...
[01Mar2026 16:55:21.800] [Thread-101/INFO] [EMI/]: [EMI] [TMRV] registerRuntime: create_dragons_plus:jei_plugin took 0ms
[01Mar2026 16:55:21.800] [Thread-101/INFO] [EMI/]: [EMI] [TMRV] registerRuntime: jei:internal...
[01Mar2026 16:55:21.800] [Thread-101/INFO] [EMI/]: [EMI] [TMRV] registerRuntime: jei:internal took 0ms
[01Mar2026 16:55:21.800] [Thread-101/INFO] [toomanyrecipeviewers/]: registerRuntime took 3ms
[01Mar2026 16:55:21.834] [Render thread/INFO] [EMI/]: [EMI] [TMRV] onRuntimeAvailable: integratedterminalscompat:main...
[01Mar2026 16:55:21.834] [Render thread/INFO] [EMI/]: [EMI] [TMRV] onRuntimeAvailable: integratedterminalscompat:main took 0ms
[01Mar2026 16:55:21.834] [Render thread/INFO] [EMI/]: [EMI] [TMRV] onRuntimeAvailable: mffs:jei_plugin...
[01Mar2026 16:55:21.834] [Render thread/INFO] [EMI/]: [EMI] [TMRV] onRuntimeAvailable: mffs:jei_plugin took 0ms
[01Mar2026 16:55:21.834] [Render thread/INFO] [EMI/]: [EMI] [TMRV] onRuntimeAvailable: gateways:gateways...
[01Mar2026 16:55:21.834] [Render thread/INFO] [EMI/]: [EMI] [TMRV] onRuntimeAvailable: gateways:gateways took 0ms
[01Mar2026 16:55:21.835] [Render thread/INFO] [EMI/]: [EMI] [TMRV] onRuntimeAvailable: exposure:jei_plugin...
[01Mar2026 16:55:21.835] [Render thread/INFO] [EMI/]: [EMI] [TMRV] onRuntimeAvailable: exposure:jei_plugin took 0ms
[01Mar2026 16:55:21.835] [Render thread/INFO] [EMI/]: [EMI] [TMRV] onRuntimeAvailable: sfm:sfm...
[01Mar2026 16:55:21.835] [Render thread/INFO] [EMI/]: [EMI] [TMRV] onRuntimeAvailable: sfm:sfm took 0ms
[01Mar2026 16:55:21.835] [Render thread/INFO] [EMI/]: [EMI] [TMRV] onRuntimeAvailable: rechiseled:chiseling_plugin...
[01Mar2026 16:55:21.835] [Render thread/INFO] [EMI/]: [EMI] [TMRV] onRuntimeAvailable: rechiseled:chiseling_plugin took 0ms
[01Mar2026 16:55:21.835] [Render thread/INFO] [EMI/]: [EMI] [TMRV] onRuntimeAvailable: compactmachines:main...
[01Mar2026 16:55:21.835] [Render thread/INFO] [EMI/]: [EMI] [TMRV] onRuntimeAvailable: compactmachines:main took 0ms
[01Mar2026 16:55:21.835] [Render thread/INFO] [EMI/]: [EMI] [TMRV] onRuntimeAvailable: jei:alltheleaks...
[01Mar2026 16:55:21.835] [Render thread/INFO] [EMI/]: [EMI] [TMRV] onRuntimeAvailable: jei:alltheleaks took 0ms
[01Mar2026 16:55:21.835] [Render thread/INFO] [EMI/]: [EMI] [TMRV] onRuntimeAvailable: sushigocrafting:default...
[01Mar2026 16:55:21.835] [Render thread/INFO] [EMI/]: [EMI] [TMRV] onRuntimeAvailable: sushigocrafting:default took 0ms
[01Mar2026 16:55:21.835] [Render thread/INFO] [EMI/]: [EMI] [TMRV] onRuntimeAvailable: create_connected:jei_plugin...
[01Mar2026 16:55:21.835] [Render thread/INFO] [EMI/]: [EMI] [TMRV] onRuntimeAvailable: create_connected:jei_plugin took 0ms
[01Mar2026 16:55:21.835] [Render thread/INFO] [EMI/]: [EMI] [TMRV] onRuntimeAvailable: chipped:jei...
[01Mar2026 16:55:21.835] [Render thread/INFO] [EMI/]: [EMI] [TMRV] onRuntimeAvailable: chipped:jei took 0ms
[01Mar2026 16:55:21.835] [Render thread/INFO] [EMI/]: [EMI] [TMRV] onRuntimeAvailable: hostilenetworks:plugin...
[01Mar2026 16:55:21.835] [Render thread/INFO] [EMI/]: [EMI] [TMRV] onRuntimeAvailable: hostilenetworks:plugin took 0ms
[01Mar2026 16:55:21.835] [Render thread/INFO] [EMI/]: [EMI] [TMRV] onRuntimeAvailable: simplylight:jei_plugin...
[01Mar2026 16:55:21.835] [Render thread/INFO] [EMI/]: [EMI] [TMRV] onRuntimeAvailable: simplylight:jei_plugin took 0ms
[01Mar2026 16:55:21.835] [Render thread/INFO] [EMI/]: [EMI] [TMRV] onRuntimeAvailable: cataclysm:jei_plugin...
[01Mar2026 16:55:21.835] [Render thread/INFO] [EMI/]: [EMI] [TMRV] onRuntimeAvailable: cataclysm:jei_plugin took 0ms
[01Mar2026 16:55:21.835] [Render thread/INFO] [EMI/]: [EMI] [TMRV] onRuntimeAvailable: mekagenjei:jei_plugin...
[01Mar2026 16:55:21.835] [Render thread/INFO] [EMI/]: [EMI] [TMRV] onRuntimeAvailable: mekagenjei:jei_plugin took 0ms
[01Mar2026 16:55:21.835] [Render thread/INFO] [EMI/]: [EMI] [TMRV] onRuntimeAvailable: mininggadgets:jei_plugin...
[01Mar2026 16:55:21.835] [Render thread/INFO] [EMI/]: [EMI] [TMRV] onRuntimeAvailable: mininggadgets:jei_plugin took 0ms
[01Mar2026 16:55:21.835] [Render thread/INFO] [EMI/]: [EMI] [TMRV] onRuntimeAvailable: rubinated_nether:jei...
[01Mar2026 16:55:21.835] [Render thread/INFO] [EMI/]: [EMI] [TMRV] onRuntimeAvailable: rubinated_nether:jei took 0ms
[01Mar2026 16:55:21.835] [Render thread/INFO] [EMI/]: [EMI] [TMRV] onRuntimeAvailable: apothic_spawners:spawner...
[01Mar2026 16:55:21.835] [Render thread/INFO] [EMI/]: [EMI] [TMRV] onRuntimeAvailable: apothic_spawners:spawner took 0ms
[01Mar2026 16:55:21.835] [Render thread/INFO] [EMI/]: [EMI] [TMRV] onRuntimeAvailable: reliquary:default...
[01Mar2026 16:55:21.835] [Render thread/INFO] [EMI/]: [EMI] [TMRV] onRuntimeAvailable: reliquary:default took 0ms
[01Mar2026 16:55:21.835] [Render thread/INFO] [EMI/]: [EMI] [TMRV] onRuntimeAvailable: fluxnetworks:jei...
[01Mar2026 16:55:21.835] [Render thread/INFO] [EMI/]: [EMI] [TMRV] onRuntimeAvailable: fluxnetworks:jei took 0ms
[01Mar2026 16:55:21.835] [Render thread/INFO] [EMI/]: [EMI] [TMRV] onRuntimeAvailable: irons_spellbooks:jei_plugin...
[01Mar2026 16:55:21.835] [Render thread/INFO] [EMI/]: [EMI] [TMRV] onRuntimeAvailable: irons_spellbooks:jei_plugin took 0ms
[01Mar2026 16:55:21.835] [Render thread/INFO] [EMI/]: [EMI] [TMRV] onRuntimeAvailable: pylons:jei_plugin...
[01Mar2026 16:55:21.835] [Render thread/INFO] [EMI/]: [EMI] [TMRV] onRuntimeAvailable: pylons:jei_plugin took 0ms
[01Mar2026 16:55:21.835] [Render thread/INFO] [EMI/]: [EMI] [TMRV] onRuntimeAvailable: functionalstorage:main...
[01Mar2026 16:55:21.835] [Render thread/INFO] [EMI/]: [EMI] [TMRV] onRuntimeAvailable: functionalstorage:main took 0ms
[01Mar2026 16:55:21.835] [Render thread/INFO] [EMI/]: [EMI] [TMRV] onRuntimeAvailable: modularrouters:default...
[01Mar2026 16:55:21.835] [Render thread/INFO] [EMI/]: [EMI] [TMRV] onRuntimeAvailable: modularrouters:default took 0ms
[01Mar2026 16:55:21.835] [Render thread/INFO] [EMI/]: [EMI] [TMRV] onRuntimeAvailable: create_enchantment_industry:jei...
[01Mar2026 16:55:21.835] [Render thread/INFO] [EMI/]: [EMI] [TMRV] onRuntimeAvailable: create_enchantment_industry:jei took 0ms
[01Mar2026 16:55:21.835] [Render thread/INFO] [EMI/]: [EMI] [TMRV] onRuntimeAvailable: mechtrowel:jei_plugin...
[01Mar2026 16:55:21.835] [Render thread/INFO] [EMI/]: [EMI] [TMRV] onRuntimeAvailable: mechtrowel:jei_plugin took 0ms
[01Mar2026 16:55:21.835] [Render thread/INFO] [EMI/]: [EMI] [TMRV] onRuntimeAvailable: createcasing:jei...
[01Mar2026 16:55:21.835] [Render thread/INFO] [EMI/]: [EMI] [TMRV] onRuntimeAvailable: createcasing:jei took 0ms
[01Mar2026 16:55:21.835] [Render thread/INFO] [EMI/]: [EMI] [TMRV] onRuntimeAvailable: apothic_enchanting:enchantment...
[01Mar2026 16:55:21.835] [Render thread/INFO] [EMI/]: [EMI] [TMRV] onRuntimeAvailable: apothic_enchanting:enchantment took 0ms
[01Mar2026 16:55:21.835] [Render thread/INFO] [EMI/]: [EMI] [TMRV] onRuntimeAvailable: apotheosis:adventure_module...
[01Mar2026 16:55:21.835] [Render thread/INFO] [EMI/]: [EMI] [TMRV] onRuntimeAvailable: apotheosis:adventure_module took 0ms
[01Mar2026 16:55:21.835] [Render thread/INFO] [EMI/]: [EMI] [TMRV] onRuntimeAvailable: mekanisticrouters:jei...
[01Mar2026 16:55:21.835] [Render thread/INFO] [EMI/]: [EMI] [TMRV] onRuntimeAvailable: mekanisticrouters:jei took 0ms
[01Mar2026 16:55:21.835] [Render thread/INFO] [EMI/]: [EMI] [TMRV] onRuntimeAvailable: codechickenlib:jei_plugin...
[01Mar2026 16:55:21.835] [Render thread/INFO] [EMI/]: [EMI] [TMRV] onRuntimeAvailable: codechickenlib:jei_plugin took 0ms
[01Mar2026 16:55:21.835] [Render thread/INFO] [EMI/]: [EMI] [TMRV] onRuntimeAvailable: gametechbcs_spellbooks:jei_plugin...
[01Mar2026 16:55:21.835] [Render thread/INFO] [EMI/]: [EMI] [TMRV] onRuntimeAvailable: gametechbcs_spellbooks:jei_plugin took 0ms
[01Mar2026 16:55:21.835] [Render thread/INFO] [EMI/]: [EMI] [TMRV] onRuntimeAvailable: laserio:jei_plugin...
[01Mar2026 16:55:21.836] [Render thread/INFO] [EMI/]: [EMI] [TMRV] onRuntimeAvailable: laserio:jei_plugin took 1ms
[01Mar2026 16:55:21.836] [Render thread/INFO] [EMI/]: [EMI] [TMRV] onRuntimeAvailable: pneumaticcraft:default...
[01Mar2026 16:55:21.837] [Render thread/INFO] [EMI/]: [EMI] [TMRV] onRuntimeAvailable: pneumaticcraft:default took 1ms
[01Mar2026 16:55:21.837] [Render thread/INFO] [EMI/]: [EMI] [TMRV] onRuntimeAvailable: morefunctionalstorage:jei...
[01Mar2026 16:55:21.837] [Render thread/INFO] [EMI/]: [EMI] [TMRV] onRuntimeAvailable: morefunctionalstorage:jei took 0ms
[01Mar2026 16:55:21.837] [Render thread/INFO] [EMI/]: [EMI] [TMRV] onRuntimeAvailable: pipez:pipez...
[01Mar2026 16:55:21.837] [Render thread/INFO] [EMI/]: [EMI] [TMRV] onRuntimeAvailable: pipez:pipez took 0ms
[01Mar2026 16:55:21.837] [Render thread/INFO] [EMI/]: [EMI] [TMRV] onRuntimeAvailable: integrateddynamicscompat:main...
[01Mar2026 16:55:21.837] [Render thread/INFO] [EMI/]: [EMI] [TMRV] onRuntimeAvailable: integrateddynamicscompat:main took 0ms
[01Mar2026 16:55:21.837] [Render thread/INFO] [EMI/]: [EMI] [TMRV] onRuntimeAvailable: cable_facades:jei_plugin...
[01Mar2026 16:55:21.837] [Render thread/INFO] [EMI/]: [EMI] [TMRV] onRuntimeAvailable: cable_facades:jei_plugin took 0ms
[01Mar2026 16:55:21.837] [Render thread/INFO] [EMI/]: [EMI] [TMRV] onRuntimeAvailable: sauce:main...
[01Mar2026 16:55:21.837] [Render thread/INFO] [EMI/]: [EMI] [TMRV] onRuntimeAvailable: sauce:main took 0ms
[01Mar2026 16:55:21.837] [Render thread/INFO] [EMI/]: [EMI] [TMRV] onRuntimeAvailable: ars_elemental:main...
[01Mar2026 16:55:21.837] [Render thread/INFO] [EMI/]: [EMI] [TMRV] onRuntimeAvailable: ars_elemental:main took 0ms
[01Mar2026 16:55:21.837] [Render thread/INFO] [EMI/]: [EMI] [TMRV] onRuntimeAvailable: ars_elemancy:main...
[01Mar2026 16:55:21.837] [Render thread/INFO] [EMI/]: [EMI] [TMRV] onRuntimeAvailable: ars_elemancy:main took 0ms
[01Mar2026 16:55:21.837] [Render thread/INFO] [EMI/]: [EMI] [TMRV] onRuntimeAvailable: ars_technica:main...
[01Mar2026 16:55:21.837] [Render thread/INFO] [EMI/]: [EMI] [TMRV] onRuntimeAvailable: ars_technica:main took 0ms
[01Mar2026 16:55:21.837] [Render thread/INFO] [EMI/]: [EMI] [TMRV] onRuntimeAvailable: immersive_aircraft:extended_storage...
[01Mar2026 16:55:21.837] [Render thread/INFO] [EMI/]: [EMI] [TMRV] onRuntimeAvailable: immersive_aircraft:extended_storage took 0ms
[01Mar2026 16:55:21.837] [Render thread/INFO] [EMI/]: [EMI] [TMRV] onRuntimeAvailable: cookingforblockheads:jei...
[01Mar2026 16:55:21.837] [Render thread/INFO] [EMI/]: [EMI] [TMRV] onRuntimeAvailable: cookingforblockheads:jei took 0ms
[01Mar2026 16:55:21.837] [Render thread/INFO] [EMI/]: [EMI] [TMRV] onRuntimeAvailable: mob_grinding_utils:jei_plugin...
[01Mar2026 16:55:21.837] [Render thread/INFO] [EMI/]: [EMI] [TMRV] onRuntimeAvailable: mob_grinding_utils:jei_plugin took 0ms
[01Mar2026 16:55:21.837] [Render thread/INFO] [EMI/]: [EMI] [TMRV] onRuntimeAvailable: farmersdelight:jei_plugin...
[01Mar2026 16:55:21.837] [Render thread/INFO] [EMI/]: [EMI] [TMRV] onRuntimeAvailable: farmersdelight:jei_plugin took 0ms
[01Mar2026 16:55:21.837] [Render thread/INFO] [EMI/]: [EMI] [TMRV] onRuntimeAvailable: fruitsdelight:main...
[01Mar2026 16:55:21.837] [Render thread/INFO] [EMI/]: [EMI] [TMRV] onRuntimeAvailable: fruitsdelight:main took 0ms
[01Mar2026 16:55:21.837] [Render thread/INFO] [EMI/]: [EMI] [TMRV] onRuntimeAvailable: twilightdelight:main...
[01Mar2026 16:55:21.837] [Render thread/INFO] [EMI/]: [EMI] [TMRV] onRuntimeAvailable: twilightdelight:main took 0ms
[01Mar2026 16:55:21.837] [Render thread/INFO] [EMI/]: [EMI] [TMRV] onRuntimeAvailable: xycraft_machines:jei...
[01Mar2026 16:55:21.837] [Render thread/INFO] [EMI/]: [EMI] [TMRV] onRuntimeAvailable: xycraft_machines:jei took 0ms
[01Mar2026 16:55:21.837] [Render thread/INFO] [EMI/]: [EMI] [TMRV] onRuntimeAvailable: actuallyadditions:jei_plugin...
[01Mar2026 16:55:21.837] [Render thread/INFO] [EMI/]: [EMI] [TMRV] onRuntimeAvailable: actuallyadditions:jei_plugin took 0ms
[01Mar2026 16:55:21.837] [Render thread/INFO] [EMI/]: [EMI] [TMRV] onRuntimeAvailable: patchouli:patchouli...
[01Mar2026 16:55:21.837] [Render thread/INFO] [EMI/]: [EMI] [TMRV] onRuntimeAvailable: patchouli:patchouli took 0ms
[01Mar2026 16:55:21.837] [Render thread/INFO] [EMI/]: [EMI] [TMRV] onRuntimeAvailable: ars_additions:main...
[01Mar2026 16:55:21.837] [Render thread/INFO] [EMI/]: [EMI] [TMRV] onRuntimeAvailable: ars_additions:main took 0ms
[01Mar2026 16:55:21.837] [Render thread/INFO] [EMI/]: [EMI] [TMRV] onRuntimeAvailable: replication:replication...
[01Mar2026 16:55:21.837] [Render thread/INFO] [EMI/]: [EMI] [TMRV] onRuntimeAvailable: replication:replication took 0ms
[01Mar2026 16:55:21.837] [Render thread/INFO] [EMI/]: [EMI] [TMRV] onRuntimeAvailable: mekanismtools:jei_plugin...
[01Mar2026 16:55:21.837] [Render thread/INFO] [EMI/]: [EMI] [TMRV] onRuntimeAvailable: mekanismtools:jei_plugin took 0ms
[01Mar2026 16:55:21.837] [Render thread/INFO] [EMI/]: [EMI] [TMRV] onRuntimeAvailable: vinery:jei_plugin...
[01Mar2026 16:55:21.837] [Render thread/INFO] [EMI/]: [EMI] [TMRV] onRuntimeAvailable: vinery:jei_plugin took 0ms
[01Mar2026 16:55:21.837] [Render thread/INFO] [EMI/]: [EMI] [TMRV] onRuntimeAvailable: herbalbrews:jei_plugin...
[01Mar2026 16:55:21.837] [Render thread/INFO] [EMI/]: [EMI] [TMRV] onRuntimeAvailable: herbalbrews:jei_plugin took 0ms
[01Mar2026 16:55:21.837] [Render thread/INFO] [EMI/]: [EMI] [TMRV] onRuntimeAvailable: farm_and_charm:jei_plugin...
[01Mar2026 16:55:21.838] [Render thread/INFO] [EMI/]: [EMI] [TMRV] onRuntimeAvailable: farm_and_charm:jei_plugin took 1ms
[01Mar2026 16:55:21.838] [Render thread/INFO] [EMI/]: [EMI] [TMRV] onRuntimeAvailable: brewery:jei_plugin...
[01Mar2026 16:55:21.838] [Render thread/INFO] [EMI/]: [EMI] [TMRV] onRuntimeAvailable: brewery:jei_plugin took 0ms
[01Mar2026 16:55:21.838] [Render thread/INFO] [EMI/]: [EMI] [TMRV] onRuntimeAvailable: beachparty:jei_plugin...
[01Mar2026 16:55:21.838] [Render thread/INFO] [EMI/]: [EMI] [TMRV] onRuntimeAvailable: beachparty:jei_plugin took 0ms
[01Mar2026 16:55:21.838] [Render thread/INFO] [EMI/]: [EMI] [TMRV] onRuntimeAvailable: refurbished_furniture:plugin...
[01Mar2026 16:55:21.838] [Render thread/INFO] [EMI/]: [EMI] [TMRV] onRuntimeAvailable: refurbished_furniture:plugin took 0ms
[01Mar2026 16:55:21.838] [Render thread/INFO] [EMI/]: [EMI] [TMRV] onRuntimeAvailable: trashcans:jei_plugin...
[01Mar2026 16:55:21.838] [Render thread/INFO] [EMI/]: [EMI] [TMRV] onRuntimeAvailable: trashcans:jei_plugin took 0ms
[01Mar2026 16:55:21.838] [Render thread/INFO] [EMI/]: [EMI] [TMRV] onRuntimeAvailable: justdirethings:jei_plugin...
[01Mar2026 16:55:21.838] [Render thread/INFO] [EMI/]: [EMI] [TMRV] onRuntimeAvailable: justdirethings:jei_plugin took 0ms
[01Mar2026 16:55:21.838] [Render thread/INFO] [EMI/]: [EMI] [TMRV] onRuntimeAvailable: polylib:jei_plugin...
[01Mar2026 16:55:21.838] [Render thread/INFO] [EMI/]: [EMI] [TMRV] onRuntimeAvailable: polylib:jei_plugin took 0ms
[01Mar2026 16:55:21.838] [Render thread/INFO] [EMI/]: [EMI] [TMRV] onRuntimeAvailable: irons_jewelry:jei_plugin...
[01Mar2026 16:55:21.838] [Render thread/INFO] [EMI/]: [EMI] [TMRV] onRuntimeAvailable: irons_jewelry:jei_plugin took 0ms
[01Mar2026 16:55:21.838] [Render thread/INFO] [EMI/]: [EMI] [TMRV] onRuntimeAvailable: ftbxmodcompat:ftbquests_jei...
[01Mar2026 16:55:21.838] [Render thread/INFO] [EMI/]: [EMI] [TMRV] onRuntimeAvailable: ftbxmodcompat:ftbquests_jei took 0ms
[01Mar2026 16:55:21.838] [Render thread/INFO] [EMI/]: [EMI] [TMRV] onRuntimeAvailable: ftbfiltersystem:default...
[01Mar2026 16:55:21.838] [Render thread/INFO] [EMI/]: [EMI] [TMRV] onRuntimeAvailable: ftbfiltersystem:default took 0ms
[01Mar2026 16:55:21.838] [Render thread/INFO] [EMI/]: [EMI] [TMRV] onRuntimeAvailable: trashslot:trashslot...
[01Mar2026 16:55:21.838] [Render thread/INFO] [EMI/]: [EMI] [TMRV] onRuntimeAvailable: trashslot:trashslot took 0ms
[01Mar2026 16:55:21.838] [Render thread/INFO] [EMI/]: [EMI] [TMRV] onRuntimeAvailable: pipe_connector:jei_plugin...
[01Mar2026 16:55:21.838] [Render thread/INFO] [EMI/]: [EMI] [TMRV] onRuntimeAvailable: pipe_connector:jei_plugin took 0ms
[01Mar2026 16:55:21.838] [Render thread/INFO] [EMI/]: [EMI] [TMRV] onRuntimeAvailable: yungscavebiomes:jei_plugin...
[01Mar2026 16:55:21.838] [Render thread/INFO] [EMI/]: [EMI] [TMRV] onRuntimeAvailable: yungscavebiomes:jei_plugin took 0ms
[01Mar2026 16:55:21.838] [Render thread/INFO] [EMI/]: [EMI] [TMRV] onRuntimeAvailable: mcjtylib:mcjtylib...
[01Mar2026 16:55:21.838] [Render thread/INFO] [EMI/]: [EMI] [TMRV] onRuntimeAvailable: mcjtylib:mcjtylib took 0ms
[01Mar2026 16:55:21.838] [Render thread/INFO] [EMI/]: [EMI] [TMRV] onRuntimeAvailable: rftoolsbase:rftoolsbase...
[01Mar2026 16:55:21.838] [Render thread/INFO] [EMI/]: [EMI] [TMRV] onRuntimeAvailable: rftoolsbase:rftoolsbase took 0ms
[01Mar2026 16:55:21.838] [Render thread/INFO] [EMI/]: [EMI] [TMRV] onRuntimeAvailable: rftoolsutility:rftoolsutility...
[01Mar2026 16:55:21.838] [Render thread/INFO] [EMI/]: [EMI] [TMRV] onRuntimeAvailable: rftoolsutility:rftoolsutility took 0ms
[01Mar2026 16:55:21.838] [Render thread/INFO] [EMI/]: [EMI] [TMRV] onRuntimeAvailable: titanium:default...
[01Mar2026 16:55:21.838] [Render thread/INFO] [EMI/]: [EMI] [TMRV] onRuntimeAvailable: titanium:default took 0ms
[01Mar2026 16:55:21.838] [Render thread/INFO] [EMI/]: [EMI] [TMRV] onRuntimeAvailable: jade:main...
[01Mar2026 16:55:21.838] [Render thread/INFO] [EMI/]: [EMI] [TMRV] onRuntimeAvailable: jade:main took 0ms
[01Mar2026 16:55:21.838] [Render thread/INFO] [EMI/]: [EMI] [TMRV] onRuntimeAvailable: ae2ct:favorite_item...
[01Mar2026 16:55:21.838] [Render thread/INFO] [EMI/]: [EMI] [TMRV] onRuntimeAvailable: ae2ct:favorite_item took 0ms
[01Mar2026 16:55:21.838] [Render thread/INFO] [EMI/]: [EMI] [TMRV] onRuntimeAvailable: enderdrives:jei_plugin...
[01Mar2026 16:55:21.838] [Render thread/INFO] [EMI/]: [EMI] [TMRV] onRuntimeAvailable: enderdrives:jei_plugin took 0ms
[01Mar2026 16:55:21.838] [Render thread/INFO] [EMI/]: [EMI] [TMRV] onRuntimeAvailable: displaydelight:jei_plugin...
[01Mar2026 16:55:21.838] [Render thread/INFO] [EMI/]: [EMI] [TMRV] onRuntimeAvailable: displaydelight:jei_plugin took 0ms
[01Mar2026 16:55:21.838] [Render thread/INFO] [EMI/]: [EMI] [TMRV] onRuntimeAvailable: barbequesdelight:main...
[01Mar2026 16:55:21.838] [Render thread/INFO] [EMI/]: [EMI] [TMRV] onRuntimeAvailable: barbequesdelight:main took 0ms
[01Mar2026 16:55:21.838] [Render thread/INFO] [EMI/]: [EMI] [TMRV] onRuntimeAvailable: jei_mekanism_multiblocks:jei_plugin...
[01Mar2026 16:55:21.838] [Render thread/INFO] [EMI/]: [EMI] [TMRV] onRuntimeAvailable: jei_mekanism_multiblocks:jei_plugin took 0ms
[01Mar2026 16:55:21.838] [Render thread/INFO] [EMI/]: [EMI] [TMRV] onRuntimeAvailable: modonomicon:modonomicon...
[01Mar2026 16:55:21.838] [Render thread/INFO] [EMI/]: [EMI] [TMRV] onRuntimeAvailable: modonomicon:modonomicon took 0ms
[01Mar2026 16:55:21.838] [Render thread/INFO] [EMI/]: [EMI] [TMRV] onRuntimeAvailable: create:jei_plugin...
[01Mar2026 16:55:21.838] [Render thread/INFO] [EMI/]: [EMI] [TMRV] onRuntimeAvailable: create:jei_plugin took 0ms
[01Mar2026 16:55:21.838] [Render thread/INFO] [EMI/]: [EMI] [TMRV] onRuntimeAvailable: create_dragons_plus:jei_plugin...
[01Mar2026 16:55:21.838] [Render thread/INFO] [EMI/]: [EMI] [TMRV] onRuntimeAvailable: create_dragons_plus:jei_plugin took 0ms
[01Mar2026 16:55:21.838] [Render thread/INFO] [EMI/]: [EMI] [TMRV] onRuntimeAvailable: jei:internal...
[01Mar2026 16:55:21.838] [Render thread/INFO] [EMI/]: [EMI] [TMRV] onRuntimeAvailable: jei:internal took 0ms
[01Mar2026 16:55:21.838] [Thread-101/INFO] [toomanyrecipeviewers/]: onRuntimeAvailable took 38ms
[01Mar2026 16:55:21.839] [Thread-101/INFO] [toomanyrecipeviewers/]: [jei:minecraft] Loaded in 18ms
[01Mar2026 16:55:21.839] [Thread-101/INFO] [toomanyrecipeviewers/]: [integratedterminalscompat:main] Loaded in 4ms
[01Mar2026 16:55:21.839] [Thread-101/INFO] [toomanyrecipeviewers/]: [mffs:jei_plugin] Loaded in 1ms
[01Mar2026 16:55:21.839] [Thread-101/INFO] [toomanyrecipeviewers/]: [gateways:gateways] Loaded in 5ms
[01Mar2026 16:55:21.839] [Thread-101/INFO] [toomanyrecipeviewers/]: [exposure:jei_plugin] Loaded in 6ms
[01Mar2026 16:55:21.839] [Thread-101/INFO] [toomanyrecipeviewers/]: [sfm:sfm] Loaded in 17ms
[01Mar2026 16:55:21.839] [Thread-101/INFO] [toomanyrecipeviewers/]: [rechiseled:chiseling_plugin] Loaded in 33ms
[01Mar2026 16:55:21.839] [Thread-101/INFO] [toomanyrecipeviewers/]: [compactmachines:main] Loaded in 2ms
[01Mar2026 16:55:21.839] [Thread-101/INFO] [toomanyrecipeviewers/]: [jei:alltheleaks] Loaded in 1ms
[01Mar2026 16:55:21.839] [Thread-101/INFO] [toomanyrecipeviewers/]: [sushigocrafting:default] Loaded in 42ms
[01Mar2026 16:55:21.839] [Thread-101/INFO] [toomanyrecipeviewers/]: [create_connected:jei_plugin] Loaded in 1ms
[01Mar2026 16:55:21.839] [Thread-101/INFO] [toomanyrecipeviewers/]: [chipped:jei] Loaded in 22ms
[01Mar2026 16:55:21.839] [Thread-101/INFO] [toomanyrecipeviewers/]: [hostilenetworks:plugin] Loaded in 6ms
[01Mar2026 16:55:21.839] [Thread-101/INFO] [toomanyrecipeviewers/]: [simplylight:jei_plugin] Loaded in 4ms
[01Mar2026 16:55:21.839] [Thread-101/INFO] [toomanyrecipeviewers/]: [cataclysm:jei_plugin] Loaded in 6ms
[01Mar2026 16:55:21.839] [Thread-101/INFO] [toomanyrecipeviewers/]: [mekagenjei:jei_plugin] Loaded in 58ms
[01Mar2026 16:55:21.839] [Thread-101/INFO] [toomanyrecipeviewers/]: [mininggadgets:jei_plugin] Loaded in 2ms
[01Mar2026 16:55:21.839] [Thread-101/INFO] [toomanyrecipeviewers/]: [rubinated_nether:jei] Loaded in 2ms
[01Mar2026 16:55:21.839] [Thread-101/INFO] [toomanyrecipeviewers/]: [apothic_spawners:spawner] Loaded in 2ms
[01Mar2026 16:55:21.839] [Thread-101/INFO] [toomanyrecipeviewers/]: [reliquary:default] Loaded in 68ms
[01Mar2026 16:55:21.839] [Thread-101/INFO] [toomanyrecipeviewers/]: [fluxnetworks:jei] Loaded in 3ms
[01Mar2026 16:55:21.839] [Thread-101/INFO] [toomanyrecipeviewers/]: [irons_spellbooks:jei_plugin] Loaded in 408ms
[01Mar2026 16:55:21.839] [Thread-101/INFO] [toomanyrecipeviewers/]: [pylons:jei_plugin] Loaded in 1ms
[01Mar2026 16:55:21.839] [Thread-101/INFO] [toomanyrecipeviewers/]: [functionalstorage:main] Loaded in 4ms
[01Mar2026 16:55:21.839] [Thread-101/INFO] [toomanyrecipeviewers/]: [modularrouters:default] Loaded in 7ms
[01Mar2026 16:55:21.839] [Thread-101/INFO] [toomanyrecipeviewers/]: [create_enchantment_industry:jei] Loaded in 39ms
[01Mar2026 16:55:21.839] [Thread-101/INFO] [toomanyrecipeviewers/]: [mechtrowel:jei_plugin] Loaded in 0ms
[01Mar2026 16:55:21.839] [Thread-101/INFO] [toomanyrecipeviewers/]: [createcasing:jei] Loaded in 3ms
[01Mar2026 16:55:21.839] [Thread-101/INFO] [toomanyrecipeviewers/]: [apothic_enchanting:enchantment] Loaded in 0ms
[01Mar2026 16:55:21.839] [Thread-101/INFO] [toomanyrecipeviewers/]: [apotheosis:adventure_module] Loaded in 8ms
[01Mar2026 16:55:21.839] [Thread-101/INFO] [toomanyrecipeviewers/]: [mekanisticrouters:jei] Loaded in 0ms
[01Mar2026 16:55:21.839] [Thread-101/INFO] [toomanyrecipeviewers/]: [codechickenlib:jei_plugin] Loaded in 2ms
[01Mar2026 16:55:21.839] [Thread-101/INFO] [toomanyrecipeviewers/]: [gametechbcs_spellbooks:jei_plugin] Loaded in 0ms
[01Mar2026 16:55:21.839] [Thread-101/INFO] [toomanyrecipeviewers/]: [laserio:jei_plugin] Loaded in 2ms
[01Mar2026 16:55:21.840] [Thread-101/INFO] [toomanyrecipeviewers/]: [pneumaticcraft:default] Loaded in 66ms
[01Mar2026 16:55:21.840] [Thread-101/INFO] [toomanyrecipeviewers/]: [morefunctionalstorage:jei] Loaded in 2ms
[01Mar2026 16:55:21.840] [Thread-101/INFO] [toomanyrecipeviewers/]: [pipez:pipez] Loaded in 2ms
[01Mar2026 16:55:21.840] [Thread-101/INFO] [toomanyrecipeviewers/]: [integrateddynamicscompat:main] Loaded in 13ms
[01Mar2026 16:55:21.840] [Thread-101/INFO] [toomanyrecipeviewers/]: [cable_facades:jei_plugin] Loaded in 1ms
[01Mar2026 16:55:21.840] [Thread-101/INFO] [toomanyrecipeviewers/]: [sauce:main] Loaded in 21ms
[01Mar2026 16:55:21.840] [Thread-101/INFO] [toomanyrecipeviewers/]: [ars_elemental:main] Loaded in 1ms
[01Mar2026 16:55:21.840] [Thread-101/INFO] [toomanyrecipeviewers/]: [ars_elemancy:main] Loaded in 9ms
[01Mar2026 16:55:21.840] [Thread-101/INFO] [toomanyrecipeviewers/]: [ars_technica:main] Loaded in 9ms
[01Mar2026 16:55:21.840] [Thread-101/INFO] [toomanyrecipeviewers/]: [immersive_aircraft:extended_storage] Loaded in 2ms
[01Mar2026 16:55:21.840] [Thread-101/INFO] [toomanyrecipeviewers/]: [cookingforblockheads:jei] Loaded in 1ms
[01Mar2026 16:55:21.840] [Thread-101/INFO] [toomanyrecipeviewers/]: [mob_grinding_utils:jei_plugin] Loaded in 3ms
[01Mar2026 16:55:21.840] [Thread-101/INFO] [toomanyrecipeviewers/]: [farmersdelight:jei_plugin] Loaded in 21ms
[01Mar2026 16:55:21.840] [Thread-101/INFO] [toomanyrecipeviewers/]: [fruitsdelight:main] Loaded in 3ms
[01Mar2026 16:55:21.840] [Thread-101/INFO] [toomanyrecipeviewers/]: [twilightdelight:main] Loaded in 2ms
[01Mar2026 16:55:21.840] [Thread-101/INFO] [toomanyrecipeviewers/]: [xycraft_machines:jei] Loaded in 882ms
[01Mar2026 16:55:21.840] [Thread-101/INFO] [toomanyrecipeviewers/]: [actuallyadditions:jei_plugin] Loaded in 8ms
[01Mar2026 16:55:21.840] [Thread-101/INFO] [toomanyrecipeviewers/]: [patchouli:patchouli] Loaded in 2ms
[01Mar2026 16:55:21.840] [Thread-101/INFO] [toomanyrecipeviewers/]: [ars_additions:main] Loaded in 20ms
[01Mar2026 16:55:21.840] [Thread-101/INFO] [toomanyrecipeviewers/]: [replication:replication] Loaded in 1ms
[01Mar2026 16:55:21.840] [Thread-101/INFO] [toomanyrecipeviewers/]: [mekanismtools:jei_plugin] Loaded in 8ms
[01Mar2026 16:55:21.840] [Thread-101/INFO] [toomanyrecipeviewers/]: [vinery:jei_plugin] Loaded in 3ms
[01Mar2026 16:55:21.840] [Thread-101/INFO] [toomanyrecipeviewers/]: [herbalbrews:jei_plugin] Loaded in 4ms
[01Mar2026 16:55:21.840] [Thread-101/INFO] [toomanyrecipeviewers/]: [farm_and_charm:jei_plugin] Loaded in 10ms
[01Mar2026 16:55:21.840] [Thread-101/INFO] [toomanyrecipeviewers/]: [brewery:jei_plugin] Loaded in 2ms
[01Mar2026 16:55:21.840] [Thread-101/INFO] [toomanyrecipeviewers/]: [beachparty:jei_plugin] Loaded in 3ms
[01Mar2026 16:55:21.840] [Thread-101/INFO] [toomanyrecipeviewers/]: [refurbished_furniture:plugin] Loaded in 25ms
[01Mar2026 16:55:21.840] [Thread-101/INFO] [toomanyrecipeviewers/]: [trashcans:jei_plugin] Loaded in 0ms
[01Mar2026 16:55:21.840] [Thread-101/INFO] [toomanyrecipeviewers/]: [justdirethings:jei_plugin] Loaded in 11ms
[01Mar2026 16:55:21.840] [Thread-101/INFO] [toomanyrecipeviewers/]: [polylib:jei_plugin] Loaded in 2ms
[01Mar2026 16:55:21.840] [Thread-101/INFO] [toomanyrecipeviewers/]: [irons_jewelry:jei_plugin] Loaded in 18ms
[01Mar2026 16:55:21.840] [Thread-101/INFO] [toomanyrecipeviewers/]: [ftbxmodcompat:ftbquests_jei] Loaded in 5ms
[01Mar2026 16:55:21.840] [Thread-101/INFO] [toomanyrecipeviewers/]: [ftbfiltersystem:default] Loaded in 1ms
[01Mar2026 16:55:21.840] [Thread-101/INFO] [toomanyrecipeviewers/]: [trashslot:trashslot] Loaded in 1ms
[01Mar2026 16:55:21.840] [Thread-101/INFO] [toomanyrecipeviewers/]: [pipe_connector:jei_plugin] Loaded in 4ms
[01Mar2026 16:55:21.840] [Thread-101/INFO] [toomanyrecipeviewers/]: [yungscavebiomes:jei_plugin] Loaded in 1ms
[01Mar2026 16:55:21.840] [Thread-101/INFO] [toomanyrecipeviewers/]: [mcjtylib:mcjtylib] Loaded in 0ms
[01Mar2026 16:55:21.840] [Thread-101/INFO] [toomanyrecipeviewers/]: [rftoolsbase:rftoolsbase] Loaded in 1ms
[01Mar2026 16:55:21.840] [Thread-101/INFO] [toomanyrecipeviewers/]: [rftoolsutility:rftoolsutility] Loaded in 2ms
[01Mar2026 16:55:21.840] [Thread-101/INFO] [toomanyrecipeviewers/]: [titanium:default] Loaded in 2ms
[01Mar2026 16:55:21.840] [Thread-101/INFO] [toomanyrecipeviewers/]: [jade:main] Loaded in 0ms
[01Mar2026 16:55:21.840] [Thread-101/INFO] [toomanyrecipeviewers/]: [ae2ct:favorite_item] Loaded in 2ms
[01Mar2026 16:55:21.840] [Thread-101/INFO] [toomanyrecipeviewers/]: [enderdrives:jei_plugin] Loaded in 1ms
[01Mar2026 16:55:21.840] [Thread-101/INFO] [toomanyrecipeviewers/]: [displaydelight:jei_plugin] Loaded in 1ms
[01Mar2026 16:55:21.840] [Thread-101/INFO] [toomanyrecipeviewers/]: [barbequesdelight:main] Loaded in 2ms
[01Mar2026 16:55:21.840] [Thread-101/INFO] [toomanyrecipeviewers/]: [jei_mekanism_multiblocks:jei_plugin] Loaded in 26ms
[01Mar2026 16:55:21.840] [Thread-101/INFO] [toomanyrecipeviewers/]: [modonomicon:modonomicon] Loaded in 1ms
[01Mar2026 16:55:21.840] [Thread-101/INFO] [toomanyrecipeviewers/]: [create:jei_plugin] Loaded in 404ms
[01Mar2026 16:55:21.840] [Thread-101/INFO] [toomanyrecipeviewers/]: [create_dragons_plus:jei_plugin] Loaded in 73ms
[01Mar2026 16:55:21.840] [Thread-101/INFO] [toomanyrecipeviewers/]: [jei:internal] Loaded in 0ms
[01Mar2026 16:55:21.840] [Thread-101/INFO] [toomanyrecipeviewers/]: JEI plugins loaded in 2561ms
[01Mar2026 16:55:21.841] [Thread-101/INFO] [EMI/]: [EMI] [TMRV] Locking JEI Ingredient Registry...
[01Mar2026 16:55:21.850] [Thread-101/INFO] [EMI/]: [EMI] [TMRV] Locking JEI Recipe Registry...
[01Mar2026 16:55:21.851] [Thread-101/INFO] [EMI/]: [EMI] Reloaded plugin from toomanyrecipeviewers in 2920ms
[01Mar2026 16:55:21.851] [Thread-101/INFO] [EMI/]: [EMI] Baking index
[01Mar2026 16:55:22.418] [Render thread/INFO] [xaero.map.WorldMap/]: Exception when loading xycraft_world:xychorium_ore_stone_dark texture, using material colour.
[01Mar2026 16:55:22.418] [Render thread/INFO] [xaero.map.WorldMap/]: No texture xycraft_core:textures/block/cloudfx.png
[01Mar2026 16:55:23.625] [Thread-101/INFO] [EMI/]: [EMI] Registering late recipes
[01Mar2026 16:55:23.705] [Thread-101/INFO] [EMI/]: [EMI] Baking recipes
[01Mar2026 16:55:23.992] [Render thread/INFO] [net.minecraft.client.gui.components.ChatComponent/]: [System] [CHAT] [Player] IgnorantSwede has reached the goal [World Tier: Summit]
[01Mar2026 16:55:25.287] [Render thread/INFO] [xaero.map.WorldMap/]: Exception when loading xycraft_world:lamp_pillar_white texture, using material colour.
[01Mar2026 16:55:25.287] [Render thread/INFO] [xaero.map.WorldMap/]: No texture xycraft_core:textures/block/cloudfx_translucent.png
[01Mar2026 16:55:25.390] [Render thread/INFO] [Voxy/]: [me.cx.vy.ct.ce.rg.ul.UploadStream]: VOXY_PERF upload_stream coherent=true buffer_bytes=67108864 used_bytes=3280 remaining_bytes=67105584 threshold_bytes=8388608 queued_frames=1 pending_copies=0 glfinish_stalls=0 backpressure_observations=0
[01Mar2026 16:55:26.527] [Thread-101/INFO] [EMI/]: [EMI] Baked 242490 recipes in 2819ms
[01Mar2026 16:55:26.548] [Thread-101/ERROR] [EMI/]: Error parsing NBT in deserialized stack
com.mojang.brigadier.exceptions.CommandSyntaxException: Expected key at position 159: ...lacial"},{<--[HERE]
[01Mar2026 16:55:26.577] [Thread-101/INFO] [EMI/]: [EMI] Baking search
[01Mar2026 16:55:28.451] [Thread-118/INFO] [EMI/]: [EMI] Baked recipes after reload in 1926ms
[01Mar2026 16:55:35.402] [Render thread/INFO] [Voxy/]: [me.cx.vy.ct.ce.rg.ul.UploadStream]: VOXY_PERF upload_stream coherent=true buffer_bytes=67108864 used_bytes=3280 remaining_bytes=67105584 threshold_bytes=8388608 queued_frames=1 pending_copies=0 glfinish_stalls=0 backpressure_observations=0
[01Mar2026 16:55:36.504] [Thread-101/INFO] [EMI/]: [EMI] Finishing up
[01Mar2026 16:55:36.521] [Thread-101/INFO] [EMI/]: [EMI] Reloaded EMI in 36730ms
[01Mar2026 16:55:45.405] [Render thread/INFO] [Voxy/]: [me.cx.vy.ct.ce.rg.ul.UploadStream]: VOXY_PERF upload_stream coherent=true buffer_bytes=67108864 used_bytes=3280 remaining_bytes=67105584 threshold_bytes=8388608 queued_frames=1 pending_copies=0 glfinish_stalls=0 backpressure_observations=0
[01Mar2026 16:55:55.412] [Render thread/INFO] [Voxy/]: [me.cx.vy.ct.ce.rg.ul.UploadStream]: VOXY_PERF upload_stream coherent=true buffer_bytes=67108864 used_bytes=3280 remaining_bytes=67105584 threshold_bytes=8388608 queued_frames=1 pending_copies=0 glfinish_stalls=0 backpressure_observations=0
[01Mar2026 16:56:05.414] [Render thread/INFO] [Voxy/]: [me.cx.vy.ct.ce.rg.ul.UploadStream]: VOXY_PERF upload_stream coherent=true buffer_bytes=67108864 used_bytes=6560 remaining_bytes=67102304 threshold_bytes=8388608 queued_frames=1 pending_copies=0 glfinish_stalls=0 backpressure_observations=0
[01Mar2026 16:56:15.414] [Render thread/INFO] [Voxy/]: [me.cx.vy.ct.ce.rg.ul.UploadStream]: VOXY_PERF upload_stream coherent=true buffer_bytes=67108864 used_bytes=3280 remaining_bytes=67105584 threshold_bytes=8388608 queued_frames=1 pending_copies=0 glfinish_stalls=0 backpressure_observations=0
[01Mar2026 16:56:22.296] [Render thread/INFO] [Voxy/]: [me.cx.vy.ct.ce.rg.hl.AsyncNodeManager]: VOXY_PERF async_node copy_batches=76 avg_copy_batch=7 max_copy_batch=30 copy_dispatch_batches=76 avg_copy_dispatched_per_tick=7 max_copy_dispatched_per_tick=30 pending_copy_remaining=0 pending_result_age_ticks=0 sync_wait_events=7 result_copy_entries=1 result_scatter_entries=2 copy_budget_per_tick=384 chunked_copy_enabled=true sync_wait_threshold_copies=640 warn_threshold_copies=500
[01Mar2026 16:56:25.415] [Render thread/INFO] [Voxy/]: [me.cx.vy.ct.ce.rg.ul.UploadStream]: VOXY_PERF upload_stream coherent=true buffer_bytes=67108864 used_bytes=3280 remaining_bytes=67105584 threshold_bytes=8388608 queued_frames=1 pending_copies=0 glfinish_stalls=0 backpressure_observations=0
